[demo.coodiv.net/index.html]
[backblue.gif]
[fade.gif]
[index.html]
[demo.coodiv.net/templates/bredh-moon/css/all.min4f2b.css]
[demo.coodiv.net/templates/bredh-moon/css/main.min.css]
[demo.coodiv.net/templates/bredh-moon/css/custom.css]
[demo.coodiv.net/assets/css/fontawesome-all.min.css]
[demo.coodiv.net/templates/bredh-moon/js/scripts.min4f2b.js]
[demo.coodiv.net/cdn-cgi/l/email-protection.html]
[demo.coodiv.net/indexed62.html]
[demo.coodiv.net/index2a07.html]
[demo.coodiv.net/indexac7b.html]
[demo.coodiv.net/indexb719.html]
[demo.coodiv.net/index3e07.html]
[demo.coodiv.net/index1ff1.html]
[demo.coodiv.net/index6c6e.html]
[demo.coodiv.net/indexfb36.html]
[demo.coodiv.net/index59a8.html]
[demo.coodiv.net/indexa384.html]
[demo.coodiv.net/index1bad.html]
[demo.coodiv.net/index983d.html]
[demo.coodiv.net/index28d4.html]
[demo.coodiv.net/indexd9af.html]
[demo.coodiv.net/index0494.html]
[demo.coodiv.net/index6e5a.html]
[demo.coodiv.net/indexb2fa.html]
[demo.coodiv.net/indexfcce.html]
[demo.coodiv.net/index26ea.html]
[demo.coodiv.net/index6a35.html]
[demo.coodiv.net/indexa582.html]
[demo.coodiv.net/indexb57d.html]
[demo.coodiv.net/indexad1d.html]
[demo.coodiv.net/index7fac.html]
[demo.coodiv.net/indexac68.html]
[demo.coodiv.net/indexc941.html]
[demo.coodiv.net/register.html]
[demo.coodiv.net/cart14c8.html]
[demo.coodiv.net/templates/bredh-moon/img/header/logo-w.png]
[demo.coodiv.net/templates/bredh-moon/img/header/logo.png]
[demo.coodiv.net/index1321.html]
[demo.coodiv.net/cart2029.html]
[demo.coodiv.net/cart7c76.html]
[demo.coodiv.net/index804a.html]
[demo.coodiv.net/submitticket.html]
[demo.coodiv.net/index992c.html]
[demo.coodiv.net/indexded0.html]
[demo.coodiv.net/contact.html]
[demo.coodiv.net/web-hosting.html]
[demo.coodiv.net/dedicated.html]
[demo.coodiv.net/games.html]
[demo.coodiv.net/servers.html]
[demo.coodiv.net/cpanel.html]
[demo.coodiv.net/voice.html]
[demo.coodiv.net/wordpress.html]
[demo.coodiv.net/templates/bredh-moon/img/pertners/logo1.png]
[demo.coodiv.net/templates/bredh-moon/img/pertners/logo2.png]
[demo.coodiv.net/templates/bredh-moon/img/pertners/logo3.png]
[demo.coodiv.net/templates/bredh-moon/img/pertners/logo4.png]
[demo.coodiv.net/templates/bredh-moon/img/pertners/logo5.png]
[demo.coodiv.net/templates/bredh-moon/img/bg/b_bg_02.jpg]
[demo.coodiv.net/templates/bredh-moon/img/svgs/hover-box/quality-badge.svg]
[demo.coodiv.net/templates/bredh-moon/img/svgs/hover-box/inclined-rocket.svg]
[demo.coodiv.net/templates/bredh-moon/img/svgs/hover-box/public-speech.svg]
[demo.coodiv.net/templates/bredh-moon/img/svgs/hover-box/big-light.svg]
[demo.coodiv.net/templates/bredh-moon/img/svgs/hover-box/big-lifesaver.svg]
[demo.coodiv.net/templates/bredh-moon/img/svgs/hover-box/headphones-with-thin-mic.svg]
[demo.coodiv.net/templates/bredh-moon/img/svgs/hover-box/inclined-paper-plane.svg]
[demo.coodiv.net/templates/bredh-moon/img/svgs/hover-box/big-telephone.svg]
[demo.coodiv.net/index0d9c.html]
[demo.coodiv.net/templates/bredh-moon/img/footer/secure.png]
[demo.coodiv.net/templates/bredh-moon/img/header/logo-w-f.png]
[demo.coodiv.net/templates/bredh-moon/img/flags/usa.svg]
[demo.coodiv.net/assets/img/overlay-spinner.svg]
[demo.coodiv.net/assets/img/clippy.svg]
[demo.coodiv.net/cdn-cgi/scripts/5c5dd728/cloudflare-static/email-decode.min.js]
[demo.coodiv.net/templates/bredh-moon/js/template-scripts.js]
[demo.coodiv.net/templates/bredh-moon/js/flickity.pkgd.min.js]
[demo.coodiv.net/templates/bredh-moon/owlcarousel/owl.carousel.min.js]
[demo.coodiv.net/templates/bredh-moon/js/parallax.min.js]
[demo.coodiv.net/templates/bredh-moon/js/mailchamp.js]
[demo.coodiv.net/templates/bredh-moon/js/bootstrap.offcanvas.min.js]
[demo.coodiv.net/templates/bredh-moon/js/jquery.touchSwipe.min.js]
[demo.coodiv.net/templates/bredh-moon/js/particles-code.js]
[demo.coodiv.net/templates/bredh-moon/js/particles.js]
[demo.coodiv.net/templates/bredh-moon/js/smoothscroll.js]
[demo.coodiv.net/cdn-cgi/scripts/7d0fa10a/cloudflare-static/rocket-loader.min.js]
[demo.coodiv.net/cdn-cgi/challenge-platform/scripts/invisible.js]
[demo.coodiv.net/index.html]
[demo.coodiv.net/cdn-cgi/challenge-platform/h/g/scripts/jsd/f5fedcf7/invisible.js]
[demo.coodiv.net/templates/bredh-moon/fonts/glyphicons-halflings-regular.eot]
[demo.coodiv.net/templates/bredh-moon/fonts/glyphicons-halflings-regulard41d.eot]
[demo.coodiv.net/templates/bredh-moon/fonts/glyphicons-halflings-regular.woff2]
[demo.coodiv.net/templates/bredh-moon/fonts/glyphicons-halflings-regular.woff]
[demo.coodiv.net/templates/bredh-moon/fonts/glyphicons-halflings-regular.ttf]
[demo.coodiv.net/templates/bredh-moon/fonts/glyphicons-halflings-regular.svg]
[demo.coodiv.net/templates/bredh-moon/img/flags.png]
[demo.coodiv.net/templates/bredh-moon/img/flags@2x.png]
[demo.coodiv.net/assets/img/search.png]
[demo.coodiv.net/templates/bredh-moon/img/worldmap.png]
[demo.coodiv.net/assets/img/payment/unknown.png]
[demo.coodiv.net/assets/img/payment/visa.png]
[demo.coodiv.net/assets/img/payment/mastercard.png]
[demo.coodiv.net/assets/img/payment/amex.png]
[demo.coodiv.net/assets/img/payment/dinersclub.png]
[demo.coodiv.net/assets/img/payment/discover.png]
[demo.coodiv.net/assets/img/payment/unionpay.png]
[demo.coodiv.net/assets/img/payment/jcb.png]
[demo.coodiv.net/assets/img/payment/maestro.png]
[demo.coodiv.net/assets/img/payment/forbrugsforeningen.png]
[demo.coodiv.net/assets/img/payment/dankort.png]
[demo.coodiv.net/templates/bredh-moon/css/blue.png]
[demo.coodiv.net/templates/bredh-moon/css/blue@2x.png]
[demo.coodiv.net/templates/bredh-moon/css/all.min4f2b.css]
[demo.coodiv.net/templates/bredh-moon/icons-pack/hosting/Flaticon.eot]
[demo.coodiv.net/templates/bredh-moon/icons-pack/hosting/Flaticond41d.eot]
[demo.coodiv.net/templates/bredh-moon/icons-pack/hosting/Flaticon.woff]
[demo.coodiv.net/templates/bredh-moon/icons-pack/hosting/Flaticon.ttf]
[demo.coodiv.net/templates/bredh-moon/icons-pack/hosting/Flaticon.svg]
[demo.coodiv.net/templates/bredh-moon/icons-pack/electronics/Flaticon.eot]
[demo.coodiv.net/templates/bredh-moon/icons-pack/electronics/Flaticond41d.eot]
[demo.coodiv.net/templates/bredh-moon/icons-pack/electronics/Flaticon.woff2]
[demo.coodiv.net/templates/bredh-moon/icons-pack/electronics/Flaticon.woff]
[demo.coodiv.net/templates/bredh-moon/icons-pack/electronics/Flaticon.ttf]
[demo.coodiv.net/templates/bredh-moon/icons-pack/electronics/Flaticon.svg]
[demo.coodiv.net/templates/bredh-moon/icons-pack/fontello/fontello7616.eot]
[demo.coodiv.net/templates/bredh-moon/icons-pack/fontello/fontello7616.woff2]
[demo.coodiv.net/templates/bredh-moon/icons-pack/fontello/fontello7616.woff]
[demo.coodiv.net/templates/bredh-moon/icons-pack/fontello/fontello7616.ttf]
[demo.coodiv.net/templates/bredh-moon/icons-pack/fontello/fontello7616.svg]
[demo.coodiv.net/templates/bredh-moon/icons-pack/fontawesome/fa-brands-400.eot]
[demo.coodiv.net/templates/bredh-moon/icons-pack/fontawesome/fa-brands-400d41d.eot]
[demo.coodiv.net/templates/bredh-moon/icons-pack/fontawesome/fa-brands-400.woff2]
[demo.coodiv.net/templates/bredh-moon/icons-pack/fontawesome/fa-brands-400.woff]
[demo.coodiv.net/templates/bredh-moon/icons-pack/fontawesome/fa-brands-400.ttf]
[demo.coodiv.net/templates/bredh-moon/icons-pack/fontawesome/fa-brands-400.svg]
[demo.coodiv.net/templates/bredh-moon/icons-pack/fontawesome/fa-regular-400.eot]
[demo.coodiv.net/templates/bredh-moon/icons-pack/fontawesome/fa-regular-400d41d.eot]
[demo.coodiv.net/templates/bredh-moon/icons-pack/fontawesome/fa-regular-400.woff2]
[demo.coodiv.net/templates/bredh-moon/icons-pack/fontawesome/fa-regular-400.woff]
[demo.coodiv.net/templates/bredh-moon/icons-pack/fontawesome/fa-regular-400.ttf]
[demo.coodiv.net/templates/bredh-moon/icons-pack/fontawesome/fa-regular-400.svg]
[demo.coodiv.net/templates/bredh-moon/icons-pack/fontawesome/fa-solid-900.eot]
[demo.coodiv.net/templates/bredh-moon/icons-pack/fontawesome/fa-solid-900d41d.eot]
[demo.coodiv.net/templates/bredh-moon/icons-pack/fontawesome/fa-solid-900.woff2]
[demo.coodiv.net/templates/bredh-moon/icons-pack/fontawesome/fa-solid-900.woff]
[demo.coodiv.net/templates/bredh-moon/icons-pack/fontawesome/fa-solid-900.ttf]
[demo.coodiv.net/templates/bredh-moon/icons-pack/fontawesome/fa-solid-900.svg]
[demo.coodiv.net/templates/bredh-moon/img/header/bottom-header-bar.svg]
[demo.coodiv.net/templates/bredh-moon/img/svgs/Arrow-1.svg]
[demo.coodiv.net/templates/bredh-moon/img/svgs/Arrow.svg]
[demo.coodiv.net/templates/bredh-moon/img/header/navs/dropdown.png]
[demo.coodiv.net/templates/bredh-moon/img/bg/icon-bg.png]
[demo.coodiv.net/templates/bredh-moon/img/bg/home-icon.png]
[demo.coodiv.net/templates/bredh-moon/img/bg/shape.png]
[demo.coodiv.net/templates/bredh-moon/img/bg/charit.png]
[demo.coodiv.net/templates/bredh-moon/img/bg/box-hover.png]
[demo.coodiv.net/templates/bredh-moon/img/header/slider/header-bg-01.png]
[demo.coodiv.net/templates/bredh-moon/css/owl.video.play.png]
[demo.coodiv.net/templates/bredh-moon/img/bg/paper-plan.jpg]
[demo.coodiv.net/templates/bredh-moon/img/counter/counter-bg.png]
[demo.coodiv.net/templates/bredh-moon/img/counter/counter.png]
[demo.coodiv.net/templates/bredh-moon/img/counter/arrow.png]
[demo.coodiv.net/templates/bredh-moon/img/plans/b_package-l.png]
[demo.coodiv.net/templates/bredh-moon/img/plans/b_package-r.png]
[demo.coodiv.net/templates/bredh-moon/img/bg/bulb/bulb-blue.png]
[demo.coodiv.net/templates/bredh-moon/img/counter/counter-bg-box.png]
[demo.coodiv.net/templates/bredh-moon/img/header/shapes/shape_01.png]
[demo.coodiv.net/templates/bredh-moon/img/header/shapes/shape_02.png]
[demo.coodiv.net/templates/bredh-moon/img/header/shapes/shape_03.png]
[demo.coodiv.net/templates/bredh-moon/img/bg/plans.svg]
[demo.coodiv.net/templates/bredh-moon/media/fallback.jpg]
[demo.coodiv.net/templates/bredh-moon/img/header/h_bg_01.svg]
[demo.coodiv.net/templates/bredh-moon/css/main.min.css]
[demo.coodiv.net/templates/bredh-moon/css/custom.css]
[demo.coodiv.net/templates/bredh-moon/img/header/h_bg_02.svg]
[demo.coodiv.net/assets/webfonts/fa-brands-400.eot]
[demo.coodiv.net/assets/webfonts/fa-brands-400d41d.eot]
[demo.coodiv.net/assets/webfonts/fa-brands-400.woff2]
[demo.coodiv.net/assets/webfonts/fa-brands-400.woff]
[demo.coodiv.net/assets/webfonts/fa-brands-400.ttf]
[demo.coodiv.net/assets/webfonts/fa-brands-400.svg]
[demo.coodiv.net/assets/webfonts/fa-duotone-900.eot]
[demo.coodiv.net/assets/webfonts/fa-duotone-900d41d.eot]
[demo.coodiv.net/assets/webfonts/fa-duotone-900.woff2]
[demo.coodiv.net/assets/webfonts/fa-duotone-900.woff]
[demo.coodiv.net/assets/webfonts/fa-duotone-900.ttf]
[demo.coodiv.net/assets/webfonts/fa-duotone-900.svg]
[demo.coodiv.net/assets/webfonts/fa-light-300.eot]
[demo.coodiv.net/assets/webfonts/fa-light-300d41d.eot]
[demo.coodiv.net/assets/webfonts/fa-light-300.woff2]
[demo.coodiv.net/assets/webfonts/fa-light-300.woff]
[demo.coodiv.net/assets/webfonts/fa-light-300.ttf]
[demo.coodiv.net/assets/webfonts/fa-light-300.svg]
[demo.coodiv.net/assets/webfonts/fa-regular-400.eot]
[demo.coodiv.net/assets/webfonts/fa-regular-400d41d.eot]
[demo.coodiv.net/assets/webfonts/fa-regular-400.woff2]
[demo.coodiv.net/assets/webfonts/fa-regular-400.woff]
[demo.coodiv.net/assets/webfonts/fa-regular-400.ttf]
[demo.coodiv.net/assets/webfonts/fa-regular-400.svg]
[demo.coodiv.net/assets/webfonts/fa-solid-900.eot]
[demo.coodiv.net/assets/webfonts/fa-solid-900d41d.eot]
[demo.coodiv.net/assets/webfonts/fa-solid-900.woff2]
[demo.coodiv.net/assets/webfonts/fa-solid-900.woff]
[demo.coodiv.net/assets/webfonts/fa-solid-900.ttf]
[demo.coodiv.net/assets/css/fontawesome-all.min.css]
[demo.coodiv.net/cdn-cgi/zaraz/sd0d9.js]
[demo.coodiv.net/cdn-cgi/l/email-protection.html]
[demo.coodiv.net/assets/webfonts/fa-solid-900.svg]
[demo.coodiv.net/indexed62.html]
[demo.coodiv.net/index2a07.html]
[demo.coodiv.net/indexac7b.html]
[demo.coodiv.net/indexb719.html]
[demo.coodiv.net/index3e07.html]
[demo.coodiv.net/index1ff1.html]
[demo.coodiv.net/index6c6e.html]
[demo.coodiv.net/indexfb36.html]
[demo.coodiv.net/index59a8.html]
[demo.coodiv.net/indexa384.html]
[demo.coodiv.net/index1bad.html]
[demo.coodiv.net/index983d.html]
[demo.coodiv.net/index28d4.html]
[demo.coodiv.net/indexd9af.html]
[demo.coodiv.net/index0494.html]
[demo.coodiv.net/index6e5a.html]
[demo.coodiv.net/indexb2fa.html]
[demo.coodiv.net/indexfcce.html]
[demo.coodiv.net/index26ea.html]
[demo.coodiv.net/index6a35.html]
[demo.coodiv.net/indexa582.html]
[demo.coodiv.net/indexb57d.html]
[demo.coodiv.net/indexad1d.html]
[demo.coodiv.net/index7fac.html]
[demo.coodiv.net/indexac68.html]
[demo.coodiv.net/indexc941.html]
[demo.coodiv.net/assets/js/StatesDropdown.js]
[demo.coodiv.net/assets/js/PasswordStrength.js]
[demo.coodiv.net/includes/verifyimage.png]
[demo.coodiv.net/register.html]
[demo.coodiv.net/cart928e.html]
[demo.coodiv.net/cartce43.html]
[demo.coodiv.net/cart0931.html]
[demo.coodiv.net/cart2a18.html]
[demo.coodiv.net/cart73df.html]
[demo.coodiv.net/cart8352.html]
[demo.coodiv.net/cart59bd.html]
[demo.coodiv.net/cartffb7.html]
[demo.coodiv.net/cart5b2e.html]
[demo.coodiv.net/cart0446.html]
[demo.coodiv.net/cart4cb6.html]
[demo.coodiv.net/cart1c01.html]
[demo.coodiv.net/cart479c.html]
[demo.coodiv.net/cart1a62.html]
[demo.coodiv.net/cart3c36.html]
[demo.coodiv.net/cart7e78.html]
[demo.coodiv.net/cart0973.html]
[demo.coodiv.net/cart6c4f.html]
[demo.coodiv.net/cart1788.html]
[demo.coodiv.net/carta0a9.html]
[demo.coodiv.net/carte0ed.html]
[demo.coodiv.net/cartfb6c.html]
[demo.coodiv.net/cartd0ba.html]
[demo.coodiv.net/cart65fc.html]
[demo.coodiv.net/cart9665.html]
[demo.coodiv.net/cart2dc6.html]
[demo.coodiv.net/indexb4ae.html]
[demo.coodiv.net/index9e39.html]
[demo.coodiv.net/templates/orderforms/standard_cart/css/all.min4f2b.css]
[demo.coodiv.net/templates/orderforms/standard_cart/js/scripts.min4f2b.js]
[demo.coodiv.net/cart0973-2.html]
[demo.coodiv.net/cart14c8.html]
[demo.coodiv.net/index51f6.html]
[demo.coodiv.net/index7844.html]
[demo.coodiv.net/index43bc.html]
[demo.coodiv.net/index20bf.html]
[demo.coodiv.net/index7f75.html]
[demo.coodiv.net/indexe48e.html]
[demo.coodiv.net/index7a51.html]
[demo.coodiv.net/index4f4e.html]
[demo.coodiv.net/index1c11.html]
[demo.coodiv.net/index7b49.html]
[demo.coodiv.net/indexde3b.html]
[demo.coodiv.net/indexd25c.html]
[demo.coodiv.net/index378f.html]
[demo.coodiv.net/index84f6.html]
[demo.coodiv.net/index2071.html]
[demo.coodiv.net/index509a.html]
[demo.coodiv.net/index2bec.html]
[demo.coodiv.net/index7109.html]
[demo.coodiv.net/index8bf3.html]
[demo.coodiv.net/index9953.html]
[demo.coodiv.net/index160d.html]
[demo.coodiv.net/index3420.html]
[demo.coodiv.net/index3238.html]
[demo.coodiv.net/index29f3.html]
[demo.coodiv.net/index1487.html]
[demo.coodiv.net/index6d55.html]
[demo.coodiv.net/templates/orderforms/bredh_premium_comparison/js/main.js]
[demo.coodiv.net/templates/orderforms/bredh_premium_comparison/css/style.css]
[demo.coodiv.net/cart2983.html]
[demo.coodiv.net/cart6e77.html]
[demo.coodiv.net/carta87f.html]
[demo.coodiv.net/index1321.html]
[demo.coodiv.net/cartf02c.html]
[demo.coodiv.net/cart67bd.html]
[demo.coodiv.net/cartaacd.html]
[demo.coodiv.net/cart1eee.html]
[demo.coodiv.net/cartbdc4.html]
[demo.coodiv.net/cart68cd.html]
[demo.coodiv.net/cartc40b.html]
[demo.coodiv.net/cart840c.html]
[demo.coodiv.net/cart812e.html]
[demo.coodiv.net/cart4dd8.html]
[demo.coodiv.net/cart65b6.html]
[demo.coodiv.net/cart1206.html]
[demo.coodiv.net/cart1507.html]
[demo.coodiv.net/cartc657.html]
[demo.coodiv.net/cart906d.html]
[demo.coodiv.net/cart40ca.html]
[demo.coodiv.net/cart6beb.html]
[demo.coodiv.net/cartfc74.html]
[demo.coodiv.net/cartba50.html]
[demo.coodiv.net/cartaccd.html]
[demo.coodiv.net/cart84e2.html]
[demo.coodiv.net/cart57dc.html]
[demo.coodiv.net/cart8797.html]
[demo.coodiv.net/cart512f.html]
[demo.coodiv.net/cart1795.html]
[demo.coodiv.net/cart43a1.html]
[demo.coodiv.net/cart2029.html]
[demo.coodiv.net/cartc5b6.html]
[demo.coodiv.net/cart7374.html]
[demo.coodiv.net/cartca03.html]
[demo.coodiv.net/cart6f4e.html]
[demo.coodiv.net/cartb159.html]
[demo.coodiv.net/cart1e16.html]
[demo.coodiv.net/cart917d.html]
[demo.coodiv.net/cart9843.html]
[demo.coodiv.net/cart8747.html]
[demo.coodiv.net/cart275d.html]
[demo.coodiv.net/cart104f.html]
[demo.coodiv.net/cart2594.html]
[demo.coodiv.net/cart6d6e.html]
[demo.coodiv.net/cart4813.html]
[demo.coodiv.net/cart0947.html]
[demo.coodiv.net/cartab62.html]
[demo.coodiv.net/cart1fc3.html]
[demo.coodiv.net/cart7160.html]
[demo.coodiv.net/cartd44a.html]
[demo.coodiv.net/carta776.html]
[demo.coodiv.net/cart3ce6.html]
[demo.coodiv.net/cart17c8.html]
[demo.coodiv.net/cart147e.html]
[demo.coodiv.net/cartf8aa.html]
[demo.coodiv.net/cart00a0.html]
[demo.coodiv.net/cart3eb6.html]
[demo.coodiv.net/cart7c76.html]
[demo.coodiv.net/index804a.html]
[demo.coodiv.net/index0839.html]
[demo.coodiv.net/submitticketed62.html]
[demo.coodiv.net/submitticket2a07.html]
[demo.coodiv.net/submitticketac7b.html]
[demo.coodiv.net/submitticketb719.html]
[demo.coodiv.net/submitticket3e07.html]
[demo.coodiv.net/submitticket1ff1.html]
[demo.coodiv.net/submitticket6c6e.html]
[demo.coodiv.net/submitticketfb36.html]
[demo.coodiv.net/submitticket59a8.html]
[demo.coodiv.net/submitticketa384.html]
[demo.coodiv.net/submitticket1bad.html]
[demo.coodiv.net/submitticket983d.html]
[demo.coodiv.net/submitticket28d4.html]
[demo.coodiv.net/submitticketd9af.html]
[demo.coodiv.net/submitticket0494.html]
[demo.coodiv.net/submitticket6e5a.html]
[demo.coodiv.net/submitticketb2fa.html]
[demo.coodiv.net/submitticketfcce.html]
[demo.coodiv.net/submitticket26ea.html]
[demo.coodiv.net/submitticket6a35.html]
[demo.coodiv.net/submitticketa582.html]
[demo.coodiv.net/submitticketb57d.html]
[demo.coodiv.net/submitticketad1d.html]
[demo.coodiv.net/submitticket7fac.html]
[demo.coodiv.net/submitticketac68.html]
[demo.coodiv.net/submitticketc941.html]
[demo.coodiv.net/submitticket.html]
[demo.coodiv.net/index80b5.html]
[demo.coodiv.net/indexfef9.html]
[demo.coodiv.net/indexfa11.html]
[demo.coodiv.net/indexd58b.html]
[demo.coodiv.net/index6d8c.html]
[demo.coodiv.net/indexd629.html]
[demo.coodiv.net/index8094.html]
[demo.coodiv.net/index936c.html]
[demo.coodiv.net/index1c25.html]
[demo.coodiv.net/index28c9.html]
[demo.coodiv.net/index1a9f.html]
[demo.coodiv.net/indexdf69.html]
[demo.coodiv.net/index0087.html]
[demo.coodiv.net/index6dbf.html]
[demo.coodiv.net/index67a4.html]
[demo.coodiv.net/indexaa08.html]
[demo.coodiv.net/indexac5b.html]
[demo.coodiv.net/index429f.html]
[demo.coodiv.net/index9b25.html]
[demo.coodiv.net/indexa9df.html]
[demo.coodiv.net/index91af.html]
[demo.coodiv.net/index5a61.html]
[demo.coodiv.net/index9aea.html]
[demo.coodiv.net/index5ada.html]
[demo.coodiv.net/index7db3.html]
[demo.coodiv.net/index28ee.html]
[demo.coodiv.net/indexb7ec.html]
[demo.coodiv.net/index-2.html]
[demo.coodiv.net/index04c8.html]
[demo.coodiv.net/indexfbdd.php]
[demo.coodiv.net/indexfcc3.html]
[demo.coodiv.net/index992c.html]
[demo.coodiv.net/index6d83.html]
[demo.coodiv.net/indexc3cd.html]
[demo.coodiv.net/index5639.html]
[demo.coodiv.net/index14fc.html]
[demo.coodiv.net/index1294.html]
[demo.coodiv.net/indexa55c.html]
[demo.coodiv.net/indexe3af.html]
[demo.coodiv.net/indexe926.html]
[demo.coodiv.net/index32bd.html]
[demo.coodiv.net/indexcc1d.html]
[demo.coodiv.net/index672b.html]
[demo.coodiv.net/index3487.html]
[demo.coodiv.net/index3768.html]
[demo.coodiv.net/index784e.html]
[demo.coodiv.net/index984c.html]
[demo.coodiv.net/index5db2.html]
[demo.coodiv.net/index1a0c.html]
[demo.coodiv.net/index604e.html]
[demo.coodiv.net/index5ada-2.html]
[demo.coodiv.net/indexbc3f.html]
[demo.coodiv.net/indexdf83.html]
[demo.coodiv.net/indexc5af.html]
[demo.coodiv.net/index62bc.html]
[demo.coodiv.net/indexe810.html]
[demo.coodiv.net/index5402.html]
[demo.coodiv.net/index621a.html]
[demo.coodiv.net/indexded0.html]
[demo.coodiv.net/contacted62.html]
[demo.coodiv.net/contact2a07.html]
[demo.coodiv.net/contactac7b.html]
[demo.coodiv.net/contactb719.html]
[demo.coodiv.net/contact3e07.html]
[demo.coodiv.net/contact1ff1.html]
[demo.coodiv.net/contact6c6e.html]
[demo.coodiv.net/contactfb36.html]
[demo.coodiv.net/contact59a8.html]
[demo.coodiv.net/contacta384.html]
[demo.coodiv.net/contact1bad.html]
[demo.coodiv.net/contact983d.html]
[demo.coodiv.net/contact28d4.html]
[demo.coodiv.net/contactd9af.html]
[demo.coodiv.net/contact0494.html]
[demo.coodiv.net/contact6e5a.html]
[demo.coodiv.net/contactb2fa.html]
[demo.coodiv.net/contactfcce.html]
[demo.coodiv.net/contact26ea.html]
[demo.coodiv.net/contact6a35.html]
[demo.coodiv.net/contacta582.html]
[demo.coodiv.net/contactb57d.html]
[demo.coodiv.net/contactad1d.html]
[demo.coodiv.net/contact7fac.html]
[demo.coodiv.net/contactac68.html]
[demo.coodiv.net/contactc941.html]
[demo.coodiv.net/contact.html]
[demo.coodiv.net/web-hostinged62.html]
[demo.coodiv.net/web-hosting2a07.html]
[demo.coodiv.net/web-hostingac7b.html]
[demo.coodiv.net/web-hostingb719.html]
[demo.coodiv.net/web-hosting3e07.html]
[demo.coodiv.net/web-hosting1ff1.html]
[demo.coodiv.net/web-hosting6c6e.html]
[demo.coodiv.net/web-hostingfb36.html]
[demo.coodiv.net/web-hosting59a8.html]
[demo.coodiv.net/web-hostinga384.html]
[demo.coodiv.net/web-hosting1bad.html]
[demo.coodiv.net/web-hosting983d.html]
[demo.coodiv.net/web-hosting28d4.html]
[demo.coodiv.net/web-hostingd9af.html]
[demo.coodiv.net/web-hosting0494.html]
[demo.coodiv.net/web-hosting6e5a.html]
[demo.coodiv.net/web-hostingb2fa.html]
[demo.coodiv.net/web-hostingfcce.html]
[demo.coodiv.net/web-hosting26ea.html]
[demo.coodiv.net/web-hosting6a35.html]
[demo.coodiv.net/web-hostinga582.html]
[demo.coodiv.net/web-hostingb57d.html]
[demo.coodiv.net/web-hostingad1d.html]
[demo.coodiv.net/web-hosting7fac.html]
[demo.coodiv.net/web-hostingac68.html]
[demo.coodiv.net/web-hostingc941.html]
[demo.coodiv.net/web-hosting.html]
[demo.coodiv.net/dedicateded62.html]
[demo.coodiv.net/dedicated2a07.html]
[demo.coodiv.net/dedicatedac7b.html]
[demo.coodiv.net/dedicatedb719.html]
[demo.coodiv.net/dedicated3e07.html]
[demo.coodiv.net/dedicated1ff1.html]
[demo.coodiv.net/dedicated6c6e.html]
[demo.coodiv.net/dedicatedfb36.html]
[demo.coodiv.net/dedicated59a8.html]
[demo.coodiv.net/dedicateda384.html]
[demo.coodiv.net/dedicated1bad.html]
[demo.coodiv.net/dedicated983d.html]
[demo.coodiv.net/dedicated28d4.html]
[demo.coodiv.net/dedicatedd9af.html]
[demo.coodiv.net/dedicated0494.html]
[demo.coodiv.net/dedicated6e5a.html]
[demo.coodiv.net/dedicatedb2fa.html]
[demo.coodiv.net/dedicatedfcce.html]
[demo.coodiv.net/dedicated26ea.html]
[demo.coodiv.net/dedicated6a35.html]
[demo.coodiv.net/dedicateda582.html]
[demo.coodiv.net/dedicatedb57d.html]
[demo.coodiv.net/dedicatedad1d.html]
[demo.coodiv.net/dedicated7fac.html]
[demo.coodiv.net/dedicatedac68.html]
[demo.coodiv.net/dedicatedc941.html]
[demo.coodiv.net/templates/bredh-moon/img/demo/groupofworks.jpg]
[demo.coodiv.net/dedicated.html]
[demo.coodiv.net/gamesed62.html]
[demo.coodiv.net/games2a07.html]
[demo.coodiv.net/gamesac7b.html]
[demo.coodiv.net/gamesb719.html]
[demo.coodiv.net/games3e07.html]
[demo.coodiv.net/games1ff1.html]
[demo.coodiv.net/games6c6e.html]
[demo.coodiv.net/gamesfb36.html]
[demo.coodiv.net/games59a8.html]
[demo.coodiv.net/gamesa384.html]
[demo.coodiv.net/games1bad.html]
[demo.coodiv.net/games983d.html]
[demo.coodiv.net/games28d4.html]
[demo.coodiv.net/gamesd9af.html]
[demo.coodiv.net/games0494.html]
[demo.coodiv.net/games6e5a.html]
[demo.coodiv.net/gamesb2fa.html]
[demo.coodiv.net/gamesfcce.html]
[demo.coodiv.net/games26ea.html]
[demo.coodiv.net/games6a35.html]
[demo.coodiv.net/gamesa582.html]
[demo.coodiv.net/gamesb57d.html]
[demo.coodiv.net/gamesad1d.html]
[demo.coodiv.net/games7fac.html]
[demo.coodiv.net/gamesac68.html]
[demo.coodiv.net/gamesc941.html]
[demo.coodiv.net/templates/bredh-moon/img/demo/minecraft.png]
[demo.coodiv.net/templates/bredh-moon/img/demo/counter.png]
[demo.coodiv.net/templates/bredh-moon/img/demo/rust.png]
[demo.coodiv.net/templates/bredh-moon/img/svgs/Lable.svg]
[demo.coodiv.net/templates/bredh-moon/img/svgs/Egg.svg]
[demo.coodiv.net/templates/bredh-moon/img/svgs/Mountains.svg]
[demo.coodiv.net/templates/bredh-moon/img/svgs/Brain.svg]
[demo.coodiv.net/games.html]
[demo.coodiv.net/serversed62.html]
[demo.coodiv.net/servers2a07.html]
[demo.coodiv.net/serversac7b.html]
[demo.coodiv.net/serversb719.html]
[demo.coodiv.net/servers3e07.html]
[demo.coodiv.net/servers1ff1.html]
[demo.coodiv.net/servers6c6e.html]
[demo.coodiv.net/serversfb36.html]
[demo.coodiv.net/servers59a8.html]
[demo.coodiv.net/serversa384.html]
[demo.coodiv.net/servers1bad.html]
[demo.coodiv.net/servers983d.html]
[demo.coodiv.net/servers28d4.html]
[demo.coodiv.net/serversd9af.html]
[demo.coodiv.net/servers0494.html]
[demo.coodiv.net/servers6e5a.html]
[demo.coodiv.net/serversb2fa.html]
[demo.coodiv.net/serversfcce.html]
[demo.coodiv.net/servers26ea.html]
[demo.coodiv.net/servers6a35.html]
[demo.coodiv.net/serversa582.html]
[demo.coodiv.net/serversb57d.html]
[demo.coodiv.net/serversad1d.html]
[demo.coodiv.net/servers7fac.html]
[demo.coodiv.net/serversac68.html]
[demo.coodiv.net/serversc941.html]
[demo.coodiv.net/servers.html]
[demo.coodiv.net/cpaneled62.html]
[demo.coodiv.net/cpanel2a07.html]
[demo.coodiv.net/cpanelac7b.html]
[demo.coodiv.net/cpanelb719.html]
[demo.coodiv.net/cpanel3e07.html]
[demo.coodiv.net/cpanel1ff1.html]
[demo.coodiv.net/cpanel6c6e.html]
[demo.coodiv.net/cpanelfb36.html]
[demo.coodiv.net/cpanel59a8.html]
[demo.coodiv.net/cpanela384.html]
[demo.coodiv.net/cpanel1bad.html]
[demo.coodiv.net/cpanel983d.html]
[demo.coodiv.net/cpanel28d4.html]
[demo.coodiv.net/cpaneld9af.html]
[demo.coodiv.net/cpanel0494.html]
[demo.coodiv.net/cpanel6e5a.html]
[demo.coodiv.net/cpanelb2fa.html]
[demo.coodiv.net/cpanelfcce.html]
[demo.coodiv.net/cpanel26ea.html]
[demo.coodiv.net/cpanel6a35.html]
[demo.coodiv.net/cpanela582.html]
[demo.coodiv.net/cpanelb57d.html]
[demo.coodiv.net/cpanelad1d.html]
[demo.coodiv.net/cpanel7fac.html]
[demo.coodiv.net/cpanelac68.html]
[demo.coodiv.net/cpanelc941.html]
[demo.coodiv.net/cpanel.html]
[demo.coodiv.net/voiceed62.html]
[demo.coodiv.net/voice2a07.html]
[demo.coodiv.net/voiceac7b.html]
[demo.coodiv.net/voiceb719.html]
[demo.coodiv.net/voice3e07.html]
[demo.coodiv.net/voice1ff1.html]
[demo.coodiv.net/voice6c6e.html]
[demo.coodiv.net/voicefb36.html]
[demo.coodiv.net/voice59a8.html]
[demo.coodiv.net/voicea384.html]
[demo.coodiv.net/voice1bad.html]
[demo.coodiv.net/voice983d.html]
[demo.coodiv.net/voice28d4.html]
[demo.coodiv.net/voiced9af.html]
[demo.coodiv.net/voice0494.html]
[demo.coodiv.net/voice6e5a.html]
[demo.coodiv.net/voiceb2fa.html]
[demo.coodiv.net/voicefcce.html]
[demo.coodiv.net/voice26ea.html]
[demo.coodiv.net/voice6a35.html]
[demo.coodiv.net/voicea582.html]
[demo.coodiv.net/voiceb57d.html]
[demo.coodiv.net/voicead1d.html]
[demo.coodiv.net/voice7fac.html]
[demo.coodiv.net/voiceac68.html]
[demo.coodiv.net/voicec941.html]
[demo.coodiv.net/voice.html]
[demo.coodiv.net/wordpressed62.html]
[demo.coodiv.net/wordpress2a07.html]
[demo.coodiv.net/wordpressac7b.html]
[demo.coodiv.net/wordpressb719.html]
[demo.coodiv.net/wordpress3e07.html]
[demo.coodiv.net/wordpress1ff1.html]
[demo.coodiv.net/wordpress6c6e.html]
[demo.coodiv.net/wordpressfb36.html]
[demo.coodiv.net/wordpress59a8.html]
[demo.coodiv.net/wordpressa384.html]
[demo.coodiv.net/wordpress1bad.html]
[demo.coodiv.net/wordpress983d.html]
[demo.coodiv.net/wordpress28d4.html]
[demo.coodiv.net/wordpressd9af.html]
[demo.coodiv.net/wordpress0494.html]
[demo.coodiv.net/wordpress6e5a.html]
[demo.coodiv.net/wordpressb2fa.html]
[demo.coodiv.net/wordpressfcce.html]
[demo.coodiv.net/wordpress26ea.html]
[demo.coodiv.net/wordpress6a35.html]
[demo.coodiv.net/wordpressa582.html]
[demo.coodiv.net/wordpressb57d.html]
[demo.coodiv.net/wordpressad1d.html]
[demo.coodiv.net/wordpress7fac.html]
[demo.coodiv.net/wordpressac68.html]
[demo.coodiv.net/wordpressc941.html]
[demo.coodiv.net/templates/bredh-moon/img/maps/map.png]
[demo.coodiv.net/wordpress.html]
[demo.coodiv.net/templates/bredh-moon/img/svgs/hover-box/quality-badge.svg]
[demo.coodiv.net/templates/bredh-moon/img/svgs/hover-box/inclined-rocket.svg]
[demo.coodiv.net/templates/bredh-moon/img/svgs/hover-box/public-speech.svg]
[demo.coodiv.net/templates/bredh-moon/img/svgs/hover-box/big-light.svg]
[demo.coodiv.net/templates/bredh-moon/img/svgs/hover-box/big-lifesaver.svg]
[demo.coodiv.net/templates/bredh-moon/img/svgs/hover-box/headphones-with-thin-mic.svg]
[demo.coodiv.net/templates/bredh-moon/img/svgs/hover-box/inclined-paper-plane.svg]
[demo.coodiv.net/templates/bredh-moon/img/svgs/hover-box/big-telephone.svg]
[demo.coodiv.net/index9196.html]
[demo.coodiv.net/index240c.html]
[demo.coodiv.net/index6256.html]
[demo.coodiv.net/index0ee1.html]
[demo.coodiv.net/indexefe4.html]
[demo.coodiv.net/indexf5b4.html]
[demo.coodiv.net/indexabb6.html]
[demo.coodiv.net/indexdfcd.html]
[demo.coodiv.net/indexb651.html]
[demo.coodiv.net/indexb407.html]
[demo.coodiv.net/index31f1.html]
[demo.coodiv.net/indexbce2.html]
[demo.coodiv.net/index5204.html]
[demo.coodiv.net/indexfa58.html]
[demo.coodiv.net/indexc282.html]
[demo.coodiv.net/index7afd.html]
[demo.coodiv.net/indexe7d1.html]
[demo.coodiv.net/index17b4.html]
[demo.coodiv.net/index3b11.html]
[demo.coodiv.net/index0a44.html]
[demo.coodiv.net/index0092.html]
[demo.coodiv.net/index7e16.html]
[demo.coodiv.net/indexdb74.html]
[demo.coodiv.net/index6996.html]
[demo.coodiv.net/index9332.html]
[demo.coodiv.net/index4a54.html]
[demo.coodiv.net/index0d9c.html]
[demo.coodiv.net/templates/bredh-moon/img/flags/usa.svg]
[demo.coodiv.net/assets/img/overlay-spinner.svg]
[demo.coodiv.net/assets/img/clippy.svg]
[demo.coodiv.net/templates/bredh-moon/fonts/glyphicons-halflings-regular.svg]
[demo.coodiv.net/templates/bredh-moon/icons-pack/hosting/Flaticon.svg]
[demo.coodiv.net/templates/bredh-moon/icons-pack/electronics/Flaticon.svg]
[demo.coodiv.net/templates/bredh-moon/icons-pack/fontello/fontello7616.svg]
[demo.coodiv.net/templates/bredh-moon/icons-pack/fontawesome/fa-brands-400.svg]
[demo.coodiv.net/templates/bredh-moon/icons-pack/fontawesome/fa-regular-400.svg]
[demo.coodiv.net/templates/bredh-moon/icons-pack/fontawesome/fa-solid-900.svg]
[demo.coodiv.net/templates/bredh-moon/img/header/bottom-header-bar.svg]
[demo.coodiv.net/templates/bredh-moon/img/svgs/Arrow-1.svg]
[demo.coodiv.net/templates/bredh-moon/img/svgs/Arrow.svg]
[demo.coodiv.net/templates/bredh-moon/css/owl.video.play.html]
[demo.coodiv.net/templates/bredh-moon/img/bg/plans.svg]
[demo.coodiv.net/templates/bredh-moon/media/fallback.html]
[demo.coodiv.net/templates/bredh-moon/img/header/h_bg_01.svg]
[demo.coodiv.net/templates/bredh-moon/img/header/h_bg_02.svg]
[demo.coodiv.net/assets/webfonts/fa-brands-400.svg]
[demo.coodiv.net/assets/webfonts/fa-duotone-900.svg]
[demo.coodiv.net/assets/webfonts/fa-light-300.svg]
[demo.coodiv.net/assets/webfonts/fa-regular-400.svg]
[demo.coodiv.net/assets/webfonts/fa-solid-900.svg]
[demo.coodiv.net/cart928e.html]
[demo.coodiv.net/cartce43.html]
[demo.coodiv.net/cart0931.html]
[demo.coodiv.net/cart2a18.html]
[demo.coodiv.net/cart73df.html]
[demo.coodiv.net/cart8352.html]
[demo.coodiv.net/cart59bd.html]
[demo.coodiv.net/cartffb7.html]
[demo.coodiv.net/cart5b2e.html]
[demo.coodiv.net/cart0446.html]
[demo.coodiv.net/cart4cb6.html]
[demo.coodiv.net/cart1c01.html]
[demo.coodiv.net/cart479c.html]
[demo.coodiv.net/cart1a62.html]
[demo.coodiv.net/cart3c36.html]
[demo.coodiv.net/cart7e78.html]
[demo.coodiv.net/cart0973.html]
[demo.coodiv.net/cart6c4f.html]
[demo.coodiv.net/cart1788.html]
[demo.coodiv.net/carta0a9.html]
[demo.coodiv.net/carte0ed.html]
[demo.coodiv.net/cartfb6c.html]
[demo.coodiv.net/cartd0ba.html]
[demo.coodiv.net/cart65fc.html]
[demo.coodiv.net/cart9665.html]
[demo.coodiv.net/cart2dc6.html]
[demo.coodiv.net/index9bbc.html]
[demo.coodiv.net/index2972.html]
[demo.coodiv.net/indexbcab.html]
[demo.coodiv.net/index3a11.html]
[demo.coodiv.net/index25fc.html]
[demo.coodiv.net/indexa8fb.html]
[demo.coodiv.net/indexdf83-2.html]
[demo.coodiv.net/index6a3b.html]
[demo.coodiv.net/index6481.html]
[demo.coodiv.net/index8697.html]
[demo.coodiv.net/indexa88e.html]
[demo.coodiv.net/indexb3cd.html]
[demo.coodiv.net/index3902.html]
[demo.coodiv.net/indexc625.html]
[demo.coodiv.net/index4d73.html]
[demo.coodiv.net/index9a2b.html]
[demo.coodiv.net/indexae04.html]
[demo.coodiv.net/index7351.html]
[demo.coodiv.net/indexf325.html]
[demo.coodiv.net/indexe8ec.html]
[demo.coodiv.net/indexff69.html]
[demo.coodiv.net/index8f45.html]
[demo.coodiv.net/indexb1a0.html]
[demo.coodiv.net/index1d85.html]
[demo.coodiv.net/index5238.html]
[demo.coodiv.net/index52b3.html]
[demo.coodiv.net/templates/orderforms/nuhost_premium_comparison/js/main.js]
[demo.coodiv.net/templates/orderforms/nuhost_premium_comparison/css/style.css]
[demo.coodiv.net/cart2e59.html]
[demo.coodiv.net/cart0eac.html]
[demo.coodiv.net/cartb837.html]
[demo.coodiv.net/indexb4ae.html]
[demo.coodiv.net/index181a.html]
[demo.coodiv.net/index863d.html]
[demo.coodiv.net/index4e56.html]
[demo.coodiv.net/index2cef.html]
[demo.coodiv.net/index9e8e.html]
[demo.coodiv.net/index17f2.html]
[demo.coodiv.net/indexd1e9.html]
[demo.coodiv.net/indexde8b.html]
[demo.coodiv.net/indexb73e.html]
[demo.coodiv.net/indexa611.html]
[demo.coodiv.net/index061d.html]
[demo.coodiv.net/indexfa54.html]
[demo.coodiv.net/indexf377.html]
[demo.coodiv.net/indexba8a.html]
[demo.coodiv.net/index2eac.html]
[demo.coodiv.net/index3c0d.html]
[demo.coodiv.net/indexe8d4.html]
[demo.coodiv.net/index3b06.html]
[demo.coodiv.net/index6b5d.html]
[demo.coodiv.net/index29f7.html]
[demo.coodiv.net/indexd166.html]
[demo.coodiv.net/index476c.html]
[demo.coodiv.net/index618e.html]
[demo.coodiv.net/indexceae.html]
[demo.coodiv.net/index9e33.html]
[demo.coodiv.net/indexd6b9.html]
[demo.coodiv.net/cart3b24.html]
[demo.coodiv.net/index9e39.html]
[demo.coodiv.net/templates/orderforms/standard_cart/img/globe.png]
[demo.coodiv.net/templates/orderforms/standard_cart/css/blue.png]
[demo.coodiv.net/templates/orderforms/standard_cart/css/blue@2x.png]
[demo.coodiv.net/templates/orderforms/standard_cart/css/all.min4f2b.css]
[demo.coodiv.net/cartae1c.html]
[demo.coodiv.net/cart633f.html]
[demo.coodiv.net/cartfe11.html]
[demo.coodiv.net/cartdf2a.html]
[demo.coodiv.net/cartb77f.html]
[demo.coodiv.net/cart3199.html]
[demo.coodiv.net/cart15d4.html]
[demo.coodiv.net/cartd5c3.html]
[demo.coodiv.net/cart1042.html]
[demo.coodiv.net/cart985a.html]
[demo.coodiv.net/cart79b0.html]
[demo.coodiv.net/cartbd91.html]
[demo.coodiv.net/cartfa95.html]
[demo.coodiv.net/cart09f7.html]
[demo.coodiv.net/cartddce.html]
[demo.coodiv.net/cart3657.html]
[demo.coodiv.net/cartc87c.html]
[demo.coodiv.net/cart8b50.html]
[demo.coodiv.net/cartacd7.html]
[demo.coodiv.net/cart0559.html]
[demo.coodiv.net/cartd4fd.html]
[demo.coodiv.net/cart4965.html]
[demo.coodiv.net/cartb6d9.html]
[demo.coodiv.net/cart8845.html]
[demo.coodiv.net/cart38bd.html]
[demo.coodiv.net/cart7f37.html]
[demo.coodiv.net/cart0973-2.html]
[demo.coodiv.net/index51f6.html]
[demo.coodiv.net/index7844.html]
[demo.coodiv.net/index43bc.html]
[demo.coodiv.net/index20bf.html]
[demo.coodiv.net/index7f75.html]
[demo.coodiv.net/indexe48e.html]
[demo.coodiv.net/index7a51.html]
[demo.coodiv.net/index4f4e.html]
[demo.coodiv.net/index1c11.html]
[demo.coodiv.net/index7b49.html]
[demo.coodiv.net/indexde3b.html]
[demo.coodiv.net/indexd25c.html]
[demo.coodiv.net/index378f.html]
[demo.coodiv.net/index84f6.html]
[demo.coodiv.net/index2071.html]
[demo.coodiv.net/index509a.html]
[demo.coodiv.net/index2bec.html]
[demo.coodiv.net/index7109.html]
[demo.coodiv.net/index8bf3.html]
[demo.coodiv.net/index9953.html]
[demo.coodiv.net/index160d.html]
[demo.coodiv.net/index3420.html]
[demo.coodiv.net/index3238.html]
[demo.coodiv.net/index29f3.html]
[demo.coodiv.net/index1487.html]
[demo.coodiv.net/index6d55.html]
[demo.coodiv.net/templates/orderforms/bredh_premium_comparison/img/shadow-btm.png]
[demo.coodiv.net/templates/orderforms/bredh_premium_comparison/img/head-bg.png]
[demo.coodiv.net/templates/orderforms/bredh_premium_comparison/img/tick.png]
[demo.coodiv.net/templates/orderforms/bredh_premium_comparison/css/style.css]
[demo.coodiv.net/templates/orderforms/bredh_premium_comparison/img/plans.svg]
[demo.coodiv.net/cartc4c0.html]
[demo.coodiv.net/cartfc7a.html]
[demo.coodiv.net/cartbe5a.html]
[demo.coodiv.net/cartfed9.html]
[demo.coodiv.net/cart6312.html]
[demo.coodiv.net/cart8ce1.html]
[demo.coodiv.net/cart5b46.html]
[demo.coodiv.net/cartb1fb.html]
[demo.coodiv.net/cart6fa8.html]
[demo.coodiv.net/cart138a.html]
[demo.coodiv.net/cartb656.html]
[demo.coodiv.net/cart572f.html]
[demo.coodiv.net/cart6875.html]
[demo.coodiv.net/cartccf6.html]
[demo.coodiv.net/carta229.html]
[demo.coodiv.net/cart711b.html]
[demo.coodiv.net/cart5f97.html]
[demo.coodiv.net/carta70e.html]
[demo.coodiv.net/cart4872.html]
[demo.coodiv.net/cart9f6e.html]
[demo.coodiv.net/cartb701.html]
[demo.coodiv.net/carted00.html]
[demo.coodiv.net/cartfc9d.html]
[demo.coodiv.net/cart2ca4.html]
[demo.coodiv.net/cartc74d.html]
[demo.coodiv.net/cart39bf.html]
[demo.coodiv.net/cart2983.html]
[demo.coodiv.net/cart8f3a.html]
[demo.coodiv.net/cartd23d.html]
[demo.coodiv.net/cartc573.html]
[demo.coodiv.net/cart9628.html]
[demo.coodiv.net/cart16c8.html]
[demo.coodiv.net/cartf9e4.html]
[demo.coodiv.net/cart0400.html]
[demo.coodiv.net/cart6abf.html]
[demo.coodiv.net/cart165d.html]
[demo.coodiv.net/cart89de.html]
[demo.coodiv.net/cart9cb1.html]
[demo.coodiv.net/cart6809.html]
[demo.coodiv.net/cartf67b.html]
[demo.coodiv.net/cart853a.html]
[demo.coodiv.net/cart8b30.html]
[demo.coodiv.net/cart0d0e.html]
[demo.coodiv.net/cart7dfa.html]
[demo.coodiv.net/cart1d64.html]
[demo.coodiv.net/carta542.html]
[demo.coodiv.net/cart0354.html]
[demo.coodiv.net/cartca58.html]
[demo.coodiv.net/cart5a39.html]
[demo.coodiv.net/cart5f9d.html]
[demo.coodiv.net/cart8723.html]
[demo.coodiv.net/cartd87d.html]
[demo.coodiv.net/cartde9e.html]
[demo.coodiv.net/cart6e77.html]
[demo.coodiv.net/cartf5db.html]
[demo.coodiv.net/cartb422.html]
[demo.coodiv.net/cart1f20.html]
[demo.coodiv.net/cart40cf.html]
[demo.coodiv.net/cartf877.html]
[demo.coodiv.net/cart0f3b.html]
[demo.coodiv.net/cartcc13.html]
[demo.coodiv.net/cartb21f.html]
[demo.coodiv.net/carta6b3.html]
[demo.coodiv.net/cart47eb.html]
[demo.coodiv.net/cart0400-2.html]
[demo.coodiv.net/cartc2a2.html]
[demo.coodiv.net/cartb8c6.html]
[demo.coodiv.net/cart2c3d.html]
[demo.coodiv.net/carta51f.html]
[demo.coodiv.net/carta092.html]
[demo.coodiv.net/cart3f7c.html]
[demo.coodiv.net/cartf503.html]
[demo.coodiv.net/cart12f3.html]
[demo.coodiv.net/cart1d68.html]
[demo.coodiv.net/cart1fdc.html]
[demo.coodiv.net/cart0d42.html]
[demo.coodiv.net/cartc956.html]
[demo.coodiv.net/carta9e2.html]
[demo.coodiv.net/cart5b19.html]
[demo.coodiv.net/cartf29a.html]
[demo.coodiv.net/carta87f.html]
[demo.coodiv.net/cartf02c.html]
[demo.coodiv.net/cart67bd.html]
[demo.coodiv.net/cartaacd.html]
[demo.coodiv.net/cart1eee.html]
[demo.coodiv.net/cartbdc4.html]
[demo.coodiv.net/cart68cd.html]
[demo.coodiv.net/cartc40b.html]
[demo.coodiv.net/cart840c.html]
[demo.coodiv.net/cart812e.html]
[demo.coodiv.net/cart4dd8.html]
[demo.coodiv.net/cart65b6.html]
[demo.coodiv.net/cart1206.html]
[demo.coodiv.net/cart1507.html]
[demo.coodiv.net/cartc657.html]
[demo.coodiv.net/cart906d.html]
[demo.coodiv.net/cart40ca.html]
[demo.coodiv.net/cart6beb.html]
[demo.coodiv.net/cartfc74.html]
[demo.coodiv.net/cartba50.html]
[demo.coodiv.net/cartaccd.html]
[demo.coodiv.net/cart84e2.html]
[demo.coodiv.net/cart57dc.html]
[demo.coodiv.net/cart8797.html]
[demo.coodiv.net/cart512f.html]
[demo.coodiv.net/cart1795.html]
[demo.coodiv.net/cart43a1.html]
[demo.coodiv.net/cartc5b6.html]
[demo.coodiv.net/cart7374.html]
[demo.coodiv.net/cartca03.html]
[demo.coodiv.net/cart6f4e.html]
[demo.coodiv.net/cartb159.html]
[demo.coodiv.net/cart1e16.html]
[demo.coodiv.net/cart917d.html]
[demo.coodiv.net/cart9843.html]
[demo.coodiv.net/cart8747.html]
[demo.coodiv.net/cart275d.html]
[demo.coodiv.net/cart104f.html]
[demo.coodiv.net/cart2594.html]
[demo.coodiv.net/cart6d6e.html]
[demo.coodiv.net/cart4813.html]
[demo.coodiv.net/cart0947.html]
[demo.coodiv.net/cartab62.html]
[demo.coodiv.net/cart1fc3.html]
[demo.coodiv.net/cart7160.html]
[demo.coodiv.net/cartd44a.html]
[demo.coodiv.net/carta776.html]
[demo.coodiv.net/cart3ce6.html]
[demo.coodiv.net/cart17c8.html]
[demo.coodiv.net/cart147e.html]
[demo.coodiv.net/cartf8aa.html]
[demo.coodiv.net/cart00a0.html]
[demo.coodiv.net/cart3eb6.html]
[demo.coodiv.net/index08d1.html]
[demo.coodiv.net/indexdb8a.html]
[demo.coodiv.net/indexf387.html]
[demo.coodiv.net/index33da.html]
[demo.coodiv.net/indexb5c8.html]
[demo.coodiv.net/indexee18.html]
[demo.coodiv.net/indexe414.html]
[demo.coodiv.net/index4974.html]
[demo.coodiv.net/index73ce.html]
[demo.coodiv.net/index42ee.html]
[demo.coodiv.net/index9510.html]
[demo.coodiv.net/indexa359.html]
[demo.coodiv.net/index767c.html]
[demo.coodiv.net/indexcd45.html]
[demo.coodiv.net/index64bf.html]
[demo.coodiv.net/index5e98.html]
[demo.coodiv.net/index45e4.html]
[demo.coodiv.net/index03cf.html]
[demo.coodiv.net/index5115.html]
[demo.coodiv.net/index1de9.html]
[demo.coodiv.net/index3efb.html]
[demo.coodiv.net/indexa3f2.html]
[demo.coodiv.net/index0172.html]
[demo.coodiv.net/indexeb6a.html]
[demo.coodiv.net/index4023.html]
[demo.coodiv.net/index7da1.html]
[demo.coodiv.net/index0839.html]
[demo.coodiv.net/submitticketed62.html]
[demo.coodiv.net/submitticket2a07.html]
[demo.coodiv.net/submitticketac7b.html]
[demo.coodiv.net/submitticketb719.html]
[demo.coodiv.net/submitticket3e07.html]
[demo.coodiv.net/submitticket1ff1.html]
[demo.coodiv.net/submitticket6c6e.html]
[demo.coodiv.net/submitticketfb36.html]
[demo.coodiv.net/submitticket59a8.html]
[demo.coodiv.net/submitticketa384.html]
[demo.coodiv.net/submitticket1bad.html]
[demo.coodiv.net/submitticket983d.html]
[demo.coodiv.net/submitticket28d4.html]
[demo.coodiv.net/submitticketd9af.html]
[demo.coodiv.net/submitticket0494.html]
[demo.coodiv.net/submitticket6e5a.html]
[demo.coodiv.net/submitticketb2fa.html]
[demo.coodiv.net/submitticketfcce.html]
[demo.coodiv.net/submitticket26ea.html]
[demo.coodiv.net/submitticket6a35.html]
[demo.coodiv.net/submitticketa582.html]
[demo.coodiv.net/submitticketb57d.html]
[demo.coodiv.net/submitticketad1d.html]
[demo.coodiv.net/submitticket7fac.html]
[demo.coodiv.net/submitticketac68.html]
[demo.coodiv.net/submitticketc941.html]
[demo.coodiv.net/index80b5.html]
[demo.coodiv.net/indexfef9.html]
[demo.coodiv.net/indexfa11.html]
[demo.coodiv.net/indexd58b.html]
[demo.coodiv.net/index6d8c.html]
[demo.coodiv.net/indexd629.html]
[demo.coodiv.net/index8094.html]
[demo.coodiv.net/index936c.html]
[demo.coodiv.net/index1c25.html]
[demo.coodiv.net/index28c9.html]
[demo.coodiv.net/index1a9f.html]
[demo.coodiv.net/indexdf69.html]
[demo.coodiv.net/index0087.html]
[demo.coodiv.net/index6dbf.html]
[demo.coodiv.net/index67a4.html]
[demo.coodiv.net/indexaa08.html]
[demo.coodiv.net/indexac5b.html]
[demo.coodiv.net/index429f.html]
[demo.coodiv.net/index9b25.html]
[demo.coodiv.net/indexa9df.html]
[demo.coodiv.net/index91af.html]
[demo.coodiv.net/index5a61.html]
[demo.coodiv.net/index9aea.html]
[demo.coodiv.net/index5ada.html]
[demo.coodiv.net/index7db3.html]
[demo.coodiv.net/index28ee.html]
[demo.coodiv.net/indexb719-2.html]
[demo.coodiv.net/index2a07-2.html]
[demo.coodiv.net/indexac7b-2.html]
[demo.coodiv.net/indexed62-2.html]
[demo.coodiv.net/index3e07-2.html]
[demo.coodiv.net/index1ff1-2.html]
[demo.coodiv.net/index6c6e-2.html]
[demo.coodiv.net/indexfb36-2.html]
[demo.coodiv.net/index59a8-2.html]
[demo.coodiv.net/indexa384-2.html]
[demo.coodiv.net/index1bad-2.html]
[demo.coodiv.net/index983d-2.html]
[demo.coodiv.net/index28d4-2.html]
[demo.coodiv.net/indexd9af-2.html]
[demo.coodiv.net/index0494-2.html]
[demo.coodiv.net/index6e5a-2.html]
[demo.coodiv.net/indexb2fa-2.html]
[demo.coodiv.net/index-2.html]
[demo.coodiv.net/index6a35-2.html]
[demo.coodiv.net/indexfcce-2.html]
[demo.coodiv.net/index26ea-2.html]
[demo.coodiv.net/indexa582-2.html]
[demo.coodiv.net/indexb57d-2.html]
[demo.coodiv.net/indexad1d-2.html]
[demo.coodiv.net/index282a.html]
[demo.coodiv.net/indexac68-2.html]
[demo.coodiv.net/index7fac-2.html]
[demo.coodiv.net/indexc941-2.html]
[demo.coodiv.net/index7973.html]
[demo.coodiv.net/indexb289.html]
[demo.coodiv.net/index5470.html]
[demo.coodiv.net/index05b3.html]
[demo.coodiv.net/index6403.html]
[demo.coodiv.net/index795f.html]
[demo.coodiv.net/indexd18b.html]
[demo.coodiv.net/index8c4a.html]
[demo.coodiv.net/index6e59.html]
[demo.coodiv.net/index5406.html]
[demo.coodiv.net/indexc33a.html]
[demo.coodiv.net/index9cec.html]
[demo.coodiv.net/index5722.html]
[demo.coodiv.net/indexd229.html]
[demo.coodiv.net/index48a8.html]
[demo.coodiv.net/indexa1ac.html]
[demo.coodiv.net/indexfb05.html]
[demo.coodiv.net/indexb2fd.html]
[demo.coodiv.net/index6b70.html]
[demo.coodiv.net/index8683.html]
[demo.coodiv.net/index472c.html]
[demo.coodiv.net/indexc072.html]
[demo.coodiv.net/index1a7f.html]
[demo.coodiv.net/index4861.html]
[demo.coodiv.net/indexf68a.html]
[demo.coodiv.net/indexb7ec.html]
[demo.coodiv.net/indexa1ef.html]
[demo.coodiv.net/indexd9e4.html]
[demo.coodiv.net/index51ef.html]
[demo.coodiv.net/index4ebd.html]
[demo.coodiv.net/index834c.html]
[demo.coodiv.net/index1547.html]
[demo.coodiv.net/indexebb9.html]
[demo.coodiv.net/index41ee.html]
[demo.coodiv.net/indexddc3.html]
[demo.coodiv.net/index95c4.html]
[demo.coodiv.net/index1f66.html]
[demo.coodiv.net/index9994.html]
[demo.coodiv.net/indexb06c.html]
[demo.coodiv.net/index5425.html]
[demo.coodiv.net/index98b9.html]
[demo.coodiv.net/index2057.html]
[demo.coodiv.net/indexad5e.html]
[demo.coodiv.net/indexf789.html]
[demo.coodiv.net/index98a6.html]
[demo.coodiv.net/index3f5d.html]
[demo.coodiv.net/index6eb3.html]
[demo.coodiv.net/indexeb88.html]
[demo.coodiv.net/index8fdc.html]
[demo.coodiv.net/indexbe24.html]
[demo.coodiv.net/index42b1.html]
[demo.coodiv.net/index59c4.html]
[demo.coodiv.net/index04c8.html]
[demo.coodiv.net/indexdae9.html]
[demo.coodiv.net/index7579.html]
[demo.coodiv.net/index7e94.html]
[demo.coodiv.net/index388f.html]
[demo.coodiv.net/index0a0e.html]
[demo.coodiv.net/index765d.html]
[demo.coodiv.net/index72bf.html]
[demo.coodiv.net/indexe9eb.html]
[demo.coodiv.net/index299e.html]
[demo.coodiv.net/indexc243.html]
[demo.coodiv.net/index4442.html]
[demo.coodiv.net/index3c37.html]
[demo.coodiv.net/index25da.html]
[demo.coodiv.net/indexf1c6.html]
[demo.coodiv.net/indexae91.html]
[demo.coodiv.net/indexf501.html]
[demo.coodiv.net/indexb23f.html]
[demo.coodiv.net/index4f7b.html]
[demo.coodiv.net/indexdb52.html]
[demo.coodiv.net/index231e.html]
[demo.coodiv.net/indexe7ea.html]
[demo.coodiv.net/index830a.html]
[demo.coodiv.net/indexd7ac.html]
[demo.coodiv.net/index95e7.html]
[demo.coodiv.net/indexc144.html]
[demo.coodiv.net/index11dd.html]
[demo.coodiv.net/indexfcc3.html]
[demo.coodiv.net/index6d83.html]
[demo.coodiv.net/indexc3cd.html]
[demo.coodiv.net/index5639.html]
[demo.coodiv.net/index14fc.html]
[demo.coodiv.net/index1294.html]
[demo.coodiv.net/indexa55c.html]
[demo.coodiv.net/indexe3af.html]
[demo.coodiv.net/indexe926.html]
[demo.coodiv.net/index32bd.html]
[demo.coodiv.net/indexcc1d.html]
[demo.coodiv.net/index672b.html]
[demo.coodiv.net/index3487.html]
[demo.coodiv.net/index3768.html]
[demo.coodiv.net/index784e.html]
[demo.coodiv.net/index984c.html]
[demo.coodiv.net/index5db2.html]
[demo.coodiv.net/index1a0c.html]
[demo.coodiv.net/index604e.html]
[demo.coodiv.net/index5ada-2.html]
[demo.coodiv.net/indexbc3f.html]
[demo.coodiv.net/indexdf83.html]
[demo.coodiv.net/indexc5af.html]
[demo.coodiv.net/index62bc.html]
[demo.coodiv.net/indexe810.html]
[demo.coodiv.net/index5402.html]
[demo.coodiv.net/index621a.html]
[demo.coodiv.net/contacted62.html]
[demo.coodiv.net/contact2a07.html]
[demo.coodiv.net/contactac7b.html]
[demo.coodiv.net/contactb719.html]
[demo.coodiv.net/contact3e07.html]
[demo.coodiv.net/contact1ff1.html]
[demo.coodiv.net/contact6c6e.html]
[demo.coodiv.net/contactfb36.html]
[demo.coodiv.net/contact59a8.html]
[demo.coodiv.net/contacta384.html]
[demo.coodiv.net/contact1bad.html]
[demo.coodiv.net/contact983d.html]
[demo.coodiv.net/contact28d4.html]
[demo.coodiv.net/contactd9af.html]
[demo.coodiv.net/contact0494.html]
[demo.coodiv.net/contact6e5a.html]
[demo.coodiv.net/contactb2fa.html]
[demo.coodiv.net/contactfcce.html]
[demo.coodiv.net/contact26ea.html]
[demo.coodiv.net/contact6a35.html]
[demo.coodiv.net/contacta582.html]
[demo.coodiv.net/contactb57d.html]
[demo.coodiv.net/contactad1d.html]
[demo.coodiv.net/contact7fac.html]
[demo.coodiv.net/contactac68.html]
[demo.coodiv.net/contactc941.html]
[demo.coodiv.net/web-hostinged62.html]
[demo.coodiv.net/web-hosting2a07.html]
[demo.coodiv.net/web-hostingac7b.html]
[demo.coodiv.net/web-hostingb719.html]
[demo.coodiv.net/web-hosting3e07.html]
[demo.coodiv.net/web-hosting1ff1.html]
[demo.coodiv.net/web-hosting6c6e.html]
[demo.coodiv.net/web-hostingfb36.html]
[demo.coodiv.net/web-hosting59a8.html]
[demo.coodiv.net/web-hostinga384.html]
[demo.coodiv.net/web-hosting1bad.html]
[demo.coodiv.net/web-hosting983d.html]
[demo.coodiv.net/web-hosting28d4.html]
[demo.coodiv.net/web-hostingd9af.html]
[demo.coodiv.net/web-hosting0494.html]
[demo.coodiv.net/web-hosting6e5a.html]
[demo.coodiv.net/web-hostingb2fa.html]
[demo.coodiv.net/web-hostingfcce.html]
[demo.coodiv.net/web-hosting26ea.html]
[demo.coodiv.net/web-hosting6a35.html]
[demo.coodiv.net/web-hostinga582.html]
[demo.coodiv.net/web-hostingb57d.html]
[demo.coodiv.net/web-hostingad1d.html]
[demo.coodiv.net/web-hosting7fac.html]
[demo.coodiv.net/web-hostingac68.html]
[demo.coodiv.net/web-hostingc941.html]
[demo.coodiv.net/dedicateded62.html]
[demo.coodiv.net/dedicated2a07.html]
[demo.coodiv.net/dedicatedac7b.html]
[demo.coodiv.net/dedicatedb719.html]
[demo.coodiv.net/dedicated3e07.html]
[demo.coodiv.net/dedicated1ff1.html]
[demo.coodiv.net/dedicated6c6e.html]
[demo.coodiv.net/dedicatedfb36.html]
[demo.coodiv.net/dedicated59a8.html]
[demo.coodiv.net/dedicateda384.html]
[demo.coodiv.net/dedicated1bad.html]
[demo.coodiv.net/dedicated983d.html]
[demo.coodiv.net/dedicated28d4.html]
[demo.coodiv.net/dedicatedd9af.html]
[demo.coodiv.net/dedicated0494.html]
[demo.coodiv.net/dedicated6e5a.html]
[demo.coodiv.net/dedicatedb2fa.html]
[demo.coodiv.net/dedicatedfcce.html]
[demo.coodiv.net/dedicated26ea.html]
[demo.coodiv.net/dedicated6a35.html]
[demo.coodiv.net/dedicateda582.html]
[demo.coodiv.net/dedicatedb57d.html]
[demo.coodiv.net/dedicatedad1d.html]
[demo.coodiv.net/dedicated7fac.html]
[demo.coodiv.net/dedicatedac68.html]
[demo.coodiv.net/dedicatedc941.html]
[demo.coodiv.net/gamesed62.html]
[demo.coodiv.net/games2a07.html]
[demo.coodiv.net/gamesac7b.html]
[demo.coodiv.net/gamesb719.html]
[demo.coodiv.net/games3e07.html]
[demo.coodiv.net/games1ff1.html]
[demo.coodiv.net/games6c6e.html]
[demo.coodiv.net/gamesfb36.html]
[demo.coodiv.net/games59a8.html]
[demo.coodiv.net/gamesa384.html]
[demo.coodiv.net/games1bad.html]
[demo.coodiv.net/games983d.html]
[demo.coodiv.net/games28d4.html]
[demo.coodiv.net/gamesd9af.html]
[demo.coodiv.net/games0494.html]
[demo.coodiv.net/games6e5a.html]
[demo.coodiv.net/gamesb2fa.html]
[demo.coodiv.net/gamesfcce.html]
[demo.coodiv.net/games26ea.html]
[demo.coodiv.net/games6a35.html]
[demo.coodiv.net/gamesa582.html]
[demo.coodiv.net/gamesb57d.html]
[demo.coodiv.net/gamesad1d.html]
[demo.coodiv.net/games7fac.html]
[demo.coodiv.net/gamesac68.html]
[demo.coodiv.net/gamesc941.html]
[demo.coodiv.net/templates/bredh-moon/img/svgs/Lable.svg]
[demo.coodiv.net/templates/bredh-moon/img/svgs/Egg.svg]
[demo.coodiv.net/templates/bredh-moon/img/svgs/Mountains.svg]
[demo.coodiv.net/templates/bredh-moon/img/svgs/Brain.svg]
[demo.coodiv.net/serversed62.html]
[demo.coodiv.net/servers2a07.html]
[demo.coodiv.net/serversac7b.html]
[demo.coodiv.net/serversb719.html]
[demo.coodiv.net/servers3e07.html]
[demo.coodiv.net/servers1ff1.html]
[demo.coodiv.net/servers6c6e.html]
[demo.coodiv.net/serversfb36.html]
[demo.coodiv.net/servers59a8.html]
[demo.coodiv.net/serversa384.html]
[demo.coodiv.net/servers1bad.html]
[demo.coodiv.net/servers983d.html]
[demo.coodiv.net/servers28d4.html]
[demo.coodiv.net/serversd9af.html]
[demo.coodiv.net/servers0494.html]
[demo.coodiv.net/servers6e5a.html]
[demo.coodiv.net/serversb2fa.html]
[demo.coodiv.net/serversfcce.html]
[demo.coodiv.net/servers26ea.html]
[demo.coodiv.net/servers6a35.html]
[demo.coodiv.net/serversa582.html]
[demo.coodiv.net/serversb57d.html]
[demo.coodiv.net/serversad1d.html]
[demo.coodiv.net/servers7fac.html]
[demo.coodiv.net/serversac68.html]
[demo.coodiv.net/serversc941.html]
[demo.coodiv.net/cpaneled62.html]
[demo.coodiv.net/cpanel2a07.html]
[demo.coodiv.net/cpanelac7b.html]
[demo.coodiv.net/cpanelb719.html]
[demo.coodiv.net/cpanel3e07.html]
[demo.coodiv.net/cpanel1ff1.html]
[demo.coodiv.net/cpanel6c6e.html]
[demo.coodiv.net/cpanelfb36.html]
[demo.coodiv.net/cpanel59a8.html]
[demo.coodiv.net/cpanela384.html]
[demo.coodiv.net/cpanel1bad.html]
[demo.coodiv.net/cpanel983d.html]
[demo.coodiv.net/cpanel28d4.html]
[demo.coodiv.net/cpaneld9af.html]
[demo.coodiv.net/cpanel0494.html]
[demo.coodiv.net/cpanel6e5a.html]
[demo.coodiv.net/cpanelb2fa.html]
[demo.coodiv.net/cpanelfcce.html]
[demo.coodiv.net/cpanel26ea.html]
[demo.coodiv.net/cpanel6a35.html]
[demo.coodiv.net/cpanela582.html]
[demo.coodiv.net/cpanelb57d.html]
[demo.coodiv.net/cpanelad1d.html]
[demo.coodiv.net/cpanel7fac.html]
[demo.coodiv.net/cpanelac68.html]
[demo.coodiv.net/cpanelc941.html]
[demo.coodiv.net/voiceed62.html]
[demo.coodiv.net/voice2a07.html]
[demo.coodiv.net/voiceac7b.html]
[demo.coodiv.net/voiceb719.html]
[demo.coodiv.net/voice3e07.html]
[demo.coodiv.net/voice1ff1.html]
[demo.coodiv.net/voice6c6e.html]
[demo.coodiv.net/voicefb36.html]
[demo.coodiv.net/voice59a8.html]
[demo.coodiv.net/voicea384.html]
[demo.coodiv.net/voice1bad.html]
[demo.coodiv.net/voice983d.html]
[demo.coodiv.net/voice28d4.html]
[demo.coodiv.net/voiced9af.html]
[demo.coodiv.net/voice0494.html]
[demo.coodiv.net/voice6e5a.html]
[demo.coodiv.net/voiceb2fa.html]
[demo.coodiv.net/voicefcce.html]
[demo.coodiv.net/voice26ea.html]
[demo.coodiv.net/voice6a35.html]
[demo.coodiv.net/voicea582.html]
[demo.coodiv.net/voiceb57d.html]
[demo.coodiv.net/voicead1d.html]
[demo.coodiv.net/voice7fac.html]
[demo.coodiv.net/voiceac68.html]
[demo.coodiv.net/voicec941.html]
[demo.coodiv.net/wordpressed62.html]
[demo.coodiv.net/wordpress2a07.html]
[demo.coodiv.net/wordpressac7b.html]
[demo.coodiv.net/wordpressb719.html]
[demo.coodiv.net/wordpress3e07.html]
[demo.coodiv.net/wordpress1ff1.html]
[demo.coodiv.net/wordpress6c6e.html]
[demo.coodiv.net/wordpressfb36.html]
[demo.coodiv.net/wordpress59a8.html]
[demo.coodiv.net/wordpressa384.html]
[demo.coodiv.net/wordpress1bad.html]
[demo.coodiv.net/wordpress983d.html]
[demo.coodiv.net/wordpress28d4.html]
[demo.coodiv.net/wordpressd9af.html]
[demo.coodiv.net/wordpress0494.html]
[demo.coodiv.net/wordpress6e5a.html]
[demo.coodiv.net/wordpressb2fa.html]
[demo.coodiv.net/wordpressfcce.html]
[demo.coodiv.net/wordpress26ea.html]
[demo.coodiv.net/wordpress6a35.html]
[demo.coodiv.net/wordpressa582.html]
[demo.coodiv.net/wordpressb57d.html]
[demo.coodiv.net/wordpressad1d.html]
[demo.coodiv.net/wordpress7fac.html]
[demo.coodiv.net/wordpressac68.html]
[demo.coodiv.net/wordpressc941.html]
[demo.coodiv.net/index9196.html]
[demo.coodiv.net/index240c.html]
[demo.coodiv.net/index6256.html]
[demo.coodiv.net/index0ee1.html]
[demo.coodiv.net/indexefe4.html]
[demo.coodiv.net/indexf5b4.html]
[demo.coodiv.net/indexabb6.html]
[demo.coodiv.net/indexdfcd.html]
[demo.coodiv.net/indexb651.html]
[demo.coodiv.net/indexb407.html]
[demo.coodiv.net/index31f1.html]
[demo.coodiv.net/indexbce2.html]
[demo.coodiv.net/index5204.html]
[demo.coodiv.net/indexfa58.html]
[demo.coodiv.net/indexc282.html]
[demo.coodiv.net/index7afd.html]
[demo.coodiv.net/indexe7d1.html]
[demo.coodiv.net/index17b4.html]
[demo.coodiv.net/index3b11.html]
[demo.coodiv.net/index0a44.html]
[demo.coodiv.net/index0092.html]
[demo.coodiv.net/index7e16.html]
[demo.coodiv.net/indexdb74.html]
[demo.coodiv.net/index6996.html]
[demo.coodiv.net/index9332.html]
[demo.coodiv.net/index4a54.html]
[demo.coodiv.net/index9bbc.html]
[demo.coodiv.net/index2972.html]
[demo.coodiv.net/indexbcab.html]
[demo.coodiv.net/index3a11.html]
[demo.coodiv.net/index25fc.html]
[demo.coodiv.net/indexa8fb.html]
[demo.coodiv.net/indexdf83-2.html]
[demo.coodiv.net/index6a3b.html]
[demo.coodiv.net/index6481.html]
[demo.coodiv.net/index8697.html]
[demo.coodiv.net/indexa88e.html]
[demo.coodiv.net/indexb3cd.html]
[demo.coodiv.net/index3902.html]
[demo.coodiv.net/indexc625.html]
[demo.coodiv.net/index4d73.html]
[demo.coodiv.net/index9a2b.html]
[demo.coodiv.net/indexae04.html]
[demo.coodiv.net/index7351.html]
[demo.coodiv.net/indexf325.html]
[demo.coodiv.net/indexe8ec.html]
[demo.coodiv.net/indexff69.html]
[demo.coodiv.net/index8f45.html]
[demo.coodiv.net/indexb1a0.html]
[demo.coodiv.net/index1d85.html]
[demo.coodiv.net/index5238.html]
[demo.coodiv.net/index52b3.html]
[demo.coodiv.net/templates/orderforms/nuhost_premium_comparison/img/shadow-btm.png]
[demo.coodiv.net/templates/orderforms/nuhost_premium_comparison/img/head-bg.png]
[demo.coodiv.net/templates/orderforms/nuhost_premium_comparison/img/tick.png]
[demo.coodiv.net/templates/orderforms/nuhost_premium_comparison/css/style.css]
[demo.coodiv.net/cart2a8f.html]
[demo.coodiv.net/cart5c59.html]
[demo.coodiv.net/cart9def.html]
[demo.coodiv.net/cart6867.html]
[demo.coodiv.net/cart5475.html]
[demo.coodiv.net/cartd25f.html]
[demo.coodiv.net/cart7542.html]
[demo.coodiv.net/cartedb2.html]
[demo.coodiv.net/cart70c7.html]
[demo.coodiv.net/cart42e6.html]
[demo.coodiv.net/cart4bc3.html]
[demo.coodiv.net/cartaa20.html]
[demo.coodiv.net/cart1a92.html]
[demo.coodiv.net/cartb0cd.html]
[demo.coodiv.net/cart73f6.html]
[demo.coodiv.net/cart01c8.html]
[demo.coodiv.net/carta40c.html]
[demo.coodiv.net/cart793d.html]
[demo.coodiv.net/cart9183.html]
[demo.coodiv.net/cartb05f.html]
[demo.coodiv.net/cartdb49.html]
[demo.coodiv.net/cartcd85.html]
[demo.coodiv.net/cartda75.html]
[demo.coodiv.net/cartd4e1.html]
[demo.coodiv.net/cartf7ef.html]
[demo.coodiv.net/cart2661.html]
[demo.coodiv.net/cart2e59.html]
[demo.coodiv.net/cart4140.html]
[demo.coodiv.net/cart95b0.html]
[demo.coodiv.net/cart0bee.html]
[demo.coodiv.net/cart8546.html]
[demo.coodiv.net/cart016d.html]
[demo.coodiv.net/cart6048.html]
[demo.coodiv.net/cart3833.html]
[demo.coodiv.net/cart688a.html]
[demo.coodiv.net/cart0028.html]
[demo.coodiv.net/cart3ce8.html]
[demo.coodiv.net/cart345b.html]
[demo.coodiv.net/cartc943.html]
[demo.coodiv.net/cart3510.html]
[demo.coodiv.net/cart070b.html]
[demo.coodiv.net/cartfc9a.html]
[demo.coodiv.net/cart02e8.html]
[demo.coodiv.net/cartf0fc.html]
[demo.coodiv.net/cart9e9b.html]
[demo.coodiv.net/carta8e3.html]
[demo.coodiv.net/cart6029.html]
[demo.coodiv.net/cartc405.html]
[demo.coodiv.net/cart0f9f.html]
[demo.coodiv.net/cartbd97.html]
[demo.coodiv.net/cart55c8.html]
[demo.coodiv.net/cart62a7.html]
[demo.coodiv.net/cartb40d.html]
[demo.coodiv.net/cart0eac.html]
[demo.coodiv.net/cart0751.html]
[demo.coodiv.net/cartbe5f.html]
[demo.coodiv.net/carta36e.html]
[demo.coodiv.net/cart62b6.html]
[demo.coodiv.net/cart9ee2.html]
[demo.coodiv.net/cart336d.html]
[demo.coodiv.net/cartc558.html]
[demo.coodiv.net/cart1b9c.html]
[demo.coodiv.net/cartdb67.html]
[demo.coodiv.net/cartf4c3.html]
[demo.coodiv.net/cartddfc.html]
[demo.coodiv.net/cart4dce.html]
[demo.coodiv.net/cart1d51.html]
[demo.coodiv.net/cart91bb.html]
[demo.coodiv.net/cartb030.html]
[demo.coodiv.net/cartadf1.html]
[demo.coodiv.net/cartebc2.html]
[demo.coodiv.net/carte129.html]
[demo.coodiv.net/cartd7f1.html]
[demo.coodiv.net/cart874f.html]
[demo.coodiv.net/cart5f80.html]
[demo.coodiv.net/cart215a.html]
[demo.coodiv.net/cartfc4e.html]
[demo.coodiv.net/cart69aa.html]
[demo.coodiv.net/cartd128.html]
[demo.coodiv.net/cart4a12.html]
[demo.coodiv.net/cartb837.html]
[demo.coodiv.net/index181a.html]
[demo.coodiv.net/index863d.html]
[demo.coodiv.net/index4e56.html]
[demo.coodiv.net/index2cef.html]
[demo.coodiv.net/index9e8e.html]
[demo.coodiv.net/index17f2.html]
[demo.coodiv.net/indexd1e9.html]
[demo.coodiv.net/indexde8b.html]
[demo.coodiv.net/indexb73e.html]
[demo.coodiv.net/indexa611.html]
[demo.coodiv.net/index061d.html]
[demo.coodiv.net/indexfa54.html]
[demo.coodiv.net/indexf377.html]
[demo.coodiv.net/indexba8a.html]
[demo.coodiv.net/index2eac.html]
[demo.coodiv.net/index3c0d.html]
[demo.coodiv.net/indexe8d4.html]
[demo.coodiv.net/index3b06.html]
[demo.coodiv.net/index6b5d.html]
[demo.coodiv.net/index29f7.html]
[demo.coodiv.net/indexd166.html]
[demo.coodiv.net/index476c.html]
[demo.coodiv.net/index618e.html]
[demo.coodiv.net/indexceae.html]
[demo.coodiv.net/index9e33.html]
[demo.coodiv.net/indexd6b9.html]
[demo.coodiv.net/cart4b92.html]
[demo.coodiv.net/cart37ad.html]
[demo.coodiv.net/cart68c3.html]
[demo.coodiv.net/cartb6f1.html]
[demo.coodiv.net/cart81df.html]
[demo.coodiv.net/cart766f.html]
[demo.coodiv.net/carte998.html]
[demo.coodiv.net/cartf0a4.html]
[demo.coodiv.net/cart1854.html]
[demo.coodiv.net/cartbdf6.html]
[demo.coodiv.net/cartb992.html]
[demo.coodiv.net/cartb2f4.html]
[demo.coodiv.net/cart1b3c.html]
[demo.coodiv.net/cartf41c.html]
[demo.coodiv.net/cart2f86.html]
[demo.coodiv.net/cart2346.html]
[demo.coodiv.net/cart1b1a.html]
[demo.coodiv.net/cart3599.html]
[demo.coodiv.net/cart62fe.html]
[demo.coodiv.net/cartf739.html]
[demo.coodiv.net/cart93cb.html]
[demo.coodiv.net/cart9e80.html]
[demo.coodiv.net/cartbbc5.html]
[demo.coodiv.net/cartdd83.html]
[demo.coodiv.net/cartc511.html]
[demo.coodiv.net/cart53fe.html]
[demo.coodiv.net/cart3b24.html]
[demo.coodiv.net/cartae1c.html]
[demo.coodiv.net/cart633f.html]
[demo.coodiv.net/cartfe11.html]
[demo.coodiv.net/cartdf2a.html]
[demo.coodiv.net/cartb77f.html]
[demo.coodiv.net/cart3199.html]
[demo.coodiv.net/cart15d4.html]
[demo.coodiv.net/cartd5c3.html]
[demo.coodiv.net/cart1042.html]
[demo.coodiv.net/cart985a.html]
[demo.coodiv.net/cart79b0.html]
[demo.coodiv.net/cartbd91.html]
[demo.coodiv.net/cartfa95.html]
[demo.coodiv.net/cart09f7.html]
[demo.coodiv.net/cartddce.html]
[demo.coodiv.net/cart3657.html]
[demo.coodiv.net/cartc87c.html]
[demo.coodiv.net/cart8b50.html]
[demo.coodiv.net/cartacd7.html]
[demo.coodiv.net/cart0559.html]
[demo.coodiv.net/cartd4fd.html]
[demo.coodiv.net/cart4965.html]
[demo.coodiv.net/cartb6d9.html]
[demo.coodiv.net/cart8845.html]
[demo.coodiv.net/cart38bd.html]
[demo.coodiv.net/cart7f37.html]
[demo.coodiv.net/templates/orderforms/bredh_premium_comparison/img/plans.svg]
[demo.coodiv.net/cartc4c0.html]
[demo.coodiv.net/cartfc7a.html]
[demo.coodiv.net/cartbe5a.html]
[demo.coodiv.net/cartfed9.html]
[demo.coodiv.net/cart6312.html]
[demo.coodiv.net/cart8ce1.html]
[demo.coodiv.net/cart5b46.html]
[demo.coodiv.net/cartb1fb.html]
[demo.coodiv.net/cart6fa8.html]
[demo.coodiv.net/cart138a.html]
[demo.coodiv.net/cartb656.html]
[demo.coodiv.net/cart572f.html]
[demo.coodiv.net/cart6875.html]
[demo.coodiv.net/cartccf6.html]
[demo.coodiv.net/carta229.html]
[demo.coodiv.net/cart711b.html]
[demo.coodiv.net/cart5f97.html]
[demo.coodiv.net/carta70e.html]
[demo.coodiv.net/cart4872.html]
[demo.coodiv.net/cart9f6e.html]
[demo.coodiv.net/cartb701.html]
[demo.coodiv.net/carted00.html]
[demo.coodiv.net/cartfc9d.html]
[demo.coodiv.net/cart2ca4.html]
[demo.coodiv.net/cartc74d.html]
[demo.coodiv.net/cart39bf.html]
[demo.coodiv.net/cart8f3a.html]
[demo.coodiv.net/cartd23d.html]
[demo.coodiv.net/cartc573.html]
[demo.coodiv.net/cart9628.html]
[demo.coodiv.net/cart16c8.html]
[demo.coodiv.net/cartf9e4.html]
[demo.coodiv.net/cart0400.html]
[demo.coodiv.net/cart6abf.html]
[demo.coodiv.net/cart165d.html]
[demo.coodiv.net/cart89de.html]
[demo.coodiv.net/cart9cb1.html]
[demo.coodiv.net/cart6809.html]
[demo.coodiv.net/cartf67b.html]
[demo.coodiv.net/cart853a.html]
[demo.coodiv.net/cart8b30.html]
[demo.coodiv.net/cart0d0e.html]
[demo.coodiv.net/cart7dfa.html]
[demo.coodiv.net/cart1d64.html]
[demo.coodiv.net/carta542.html]
[demo.coodiv.net/cart0354.html]
[demo.coodiv.net/cartca58.html]
[demo.coodiv.net/cart5a39.html]
[demo.coodiv.net/cart5f9d.html]
[demo.coodiv.net/cart8723.html]
[demo.coodiv.net/cartd87d.html]
[demo.coodiv.net/cartde9e.html]
[demo.coodiv.net/cartf5db.html]
[demo.coodiv.net/cartb422.html]
[demo.coodiv.net/cart1f20.html]
[demo.coodiv.net/cart40cf.html]
[demo.coodiv.net/cartf877.html]
[demo.coodiv.net/cart0f3b.html]
[demo.coodiv.net/cartcc13.html]
[demo.coodiv.net/cartb21f.html]
[demo.coodiv.net/carta6b3.html]
[demo.coodiv.net/cart47eb.html]
[demo.coodiv.net/cart0400-2.html]
[demo.coodiv.net/cartc2a2.html]
[demo.coodiv.net/cartb8c6.html]
[demo.coodiv.net/cart2c3d.html]
[demo.coodiv.net/carta51f.html]
[demo.coodiv.net/carta092.html]
[demo.coodiv.net/cart3f7c.html]
[demo.coodiv.net/cartf503.html]
[demo.coodiv.net/cart12f3.html]
[demo.coodiv.net/cart1d68.html]
[demo.coodiv.net/cart1fdc.html]
[demo.coodiv.net/cart0d42.html]
[demo.coodiv.net/cartc956.html]
[demo.coodiv.net/carta9e2.html]
[demo.coodiv.net/cart5b19.html]
[demo.coodiv.net/cartf29a.html]
[demo.coodiv.net/index08d1.html]
[demo.coodiv.net/indexdb8a.html]
[demo.coodiv.net/indexf387.html]
[demo.coodiv.net/index33da.html]
[demo.coodiv.net/indexb5c8.html]
[demo.coodiv.net/indexee18.html]
[demo.coodiv.net/indexe414.html]
[demo.coodiv.net/index4974.html]
[demo.coodiv.net/index73ce.html]
[demo.coodiv.net/index42ee.html]
[demo.coodiv.net/index9510.html]
[demo.coodiv.net/indexa359.html]
[demo.coodiv.net/index767c.html]
[demo.coodiv.net/indexcd45.html]
[demo.coodiv.net/index64bf.html]
[demo.coodiv.net/index5e98.html]
[demo.coodiv.net/index45e4.html]
[demo.coodiv.net/index03cf.html]
[demo.coodiv.net/index5115.html]
[demo.coodiv.net/index1de9.html]
[demo.coodiv.net/index3efb.html]
[demo.coodiv.net/indexa3f2.html]
[demo.coodiv.net/index0172.html]
[demo.coodiv.net/indexeb6a.html]
[demo.coodiv.net/index4023.html]
[demo.coodiv.net/index7da1.html]
[demo.coodiv.net/indexed62-2.html]
[demo.coodiv.net/index2a07-2.html]
[demo.coodiv.net/indexac7b-2.html]
[demo.coodiv.net/indexb719-2.html]
[demo.coodiv.net/index3e07-2.html]
[demo.coodiv.net/index1ff1-2.html]
[demo.coodiv.net/index6c6e-2.html]
[demo.coodiv.net/indexfb36-2.html]
[demo.coodiv.net/index59a8-2.html]
[demo.coodiv.net/indexa384-2.html]
[demo.coodiv.net/index1bad-2.html]
[demo.coodiv.net/index983d-2.html]
[demo.coodiv.net/index28d4-2.html]
[demo.coodiv.net/indexd9af-2.html]
[demo.coodiv.net/index0494-2.html]
[demo.coodiv.net/index6e5a-2.html]
[demo.coodiv.net/indexb2fa-2.html]
[demo.coodiv.net/indexfcce-2.html]
[demo.coodiv.net/index26ea-2.html]
[demo.coodiv.net/index6a35-2.html]
[demo.coodiv.net/indexa582-2.html]
[demo.coodiv.net/indexb57d-2.html]
[demo.coodiv.net/indexad1d-2.html]
[demo.coodiv.net/index7fac-2.html]
[demo.coodiv.net/indexac68-2.html]
[demo.coodiv.net/indexc941-2.html]
[demo.coodiv.net/index282a.html]
[demo.coodiv.net/index7973.html]
[demo.coodiv.net/indexb289.html]
[demo.coodiv.net/index5470.html]
[demo.coodiv.net/index05b3.html]
[demo.coodiv.net/index6403.html]
[demo.coodiv.net/index795f.html]
[demo.coodiv.net/indexd18b.html]
[demo.coodiv.net/index8c4a.html]
[demo.coodiv.net/index6e59.html]
[demo.coodiv.net/index5406.html]
[demo.coodiv.net/indexc33a.html]
[demo.coodiv.net/index9cec.html]
[demo.coodiv.net/index5722.html]
[demo.coodiv.net/indexd229.html]
[demo.coodiv.net/index48a8.html]
[demo.coodiv.net/indexa1ac.html]
[demo.coodiv.net/indexfb05.html]
[demo.coodiv.net/indexb2fd.html]
[demo.coodiv.net/index6b70.html]
[demo.coodiv.net/index8683.html]
[demo.coodiv.net/index472c.html]
[demo.coodiv.net/indexc072.html]
[demo.coodiv.net/index1a7f.html]
[demo.coodiv.net/index4861.html]
[demo.coodiv.net/indexf68a.html]
[demo.coodiv.net/indexa1ef.html]
[demo.coodiv.net/indexd9e4.html]
[demo.coodiv.net/index51ef.html]
[demo.coodiv.net/index4ebd.html]
[demo.coodiv.net/index834c.html]
[demo.coodiv.net/index1547.html]
[demo.coodiv.net/indexebb9.html]
[demo.coodiv.net/index41ee.html]
[demo.coodiv.net/indexddc3.html]
[demo.coodiv.net/index95c4.html]
[demo.coodiv.net/index1f66.html]
[demo.coodiv.net/index9994.html]
[demo.coodiv.net/indexb06c.html]
[demo.coodiv.net/index5425.html]
[demo.coodiv.net/index98b9.html]
[demo.coodiv.net/index2057.html]
[demo.coodiv.net/indexad5e.html]
[demo.coodiv.net/indexf789.html]
[demo.coodiv.net/index98a6.html]
[demo.coodiv.net/index3f5d.html]
[demo.coodiv.net/index6eb3.html]
[demo.coodiv.net/indexeb88.html]
[demo.coodiv.net/index8fdc.html]
[demo.coodiv.net/indexbe24.html]
[demo.coodiv.net/index42b1.html]
[demo.coodiv.net/index59c4.html]
[demo.coodiv.net/indexdae9.html]
[demo.coodiv.net/index7579.html]
[demo.coodiv.net/index7e94.html]
[demo.coodiv.net/index388f.html]
[demo.coodiv.net/index0a0e.html]
[demo.coodiv.net/index765d.html]
[demo.coodiv.net/index72bf.html]
[demo.coodiv.net/indexe9eb.html]
[demo.coodiv.net/index299e.html]
[demo.coodiv.net/indexc243.html]
[demo.coodiv.net/index4442.html]
[demo.coodiv.net/index3c37.html]
[demo.coodiv.net/index25da.html]
[demo.coodiv.net/indexf1c6.html]
[demo.coodiv.net/indexae91.html]
[demo.coodiv.net/indexf501.html]
[demo.coodiv.net/indexb23f.html]
[demo.coodiv.net/index4f7b.html]
[demo.coodiv.net/indexdb52.html]
[demo.coodiv.net/index231e.html]
[demo.coodiv.net/indexe7ea.html]
[demo.coodiv.net/index830a.html]
[demo.coodiv.net/indexd7ac.html]
[demo.coodiv.net/index95e7.html]
[demo.coodiv.net/indexc144.html]
[demo.coodiv.net/index11dd.html]
[demo.coodiv.net/cart2a8f.html]
[demo.coodiv.net/cart5c59.html]
[demo.coodiv.net/cart9def.html]
[demo.coodiv.net/cart6867.html]
[demo.coodiv.net/cart5475.html]
[demo.coodiv.net/cartd25f.html]
[demo.coodiv.net/cart7542.html]
[demo.coodiv.net/cartedb2.html]
[demo.coodiv.net/cart70c7.html]
[demo.coodiv.net/cart42e6.html]
[demo.coodiv.net/cart4bc3.html]
[demo.coodiv.net/cartaa20.html]
[demo.coodiv.net/cart1a92.html]
[demo.coodiv.net/cartb0cd.html]
[demo.coodiv.net/cart73f6.html]
[demo.coodiv.net/cart01c8.html]
[demo.coodiv.net/carta40c.html]
[demo.coodiv.net/cart793d.html]
[demo.coodiv.net/cart9183.html]
[demo.coodiv.net/cartb05f.html]
[demo.coodiv.net/cartdb49.html]
[demo.coodiv.net/cartcd85.html]
[demo.coodiv.net/cartda75.html]
[demo.coodiv.net/cartd4e1.html]
[demo.coodiv.net/cartf7ef.html]
[demo.coodiv.net/cart2661.html]
[demo.coodiv.net/cart4140.html]
[demo.coodiv.net/cart95b0.html]
[demo.coodiv.net/cart0bee.html]
[demo.coodiv.net/cart8546.html]
[demo.coodiv.net/cart016d.html]
[demo.coodiv.net/cart6048.html]
[demo.coodiv.net/cart3833.html]
[demo.coodiv.net/cart688a.html]
[demo.coodiv.net/cart0028.html]
[demo.coodiv.net/cart3ce8.html]
[demo.coodiv.net/cart345b.html]
[demo.coodiv.net/cartc943.html]
[demo.coodiv.net/cart3510.html]
[demo.coodiv.net/cart070b.html]
[demo.coodiv.net/cartfc9a.html]
[demo.coodiv.net/cart02e8.html]
[demo.coodiv.net/cartf0fc.html]
[demo.coodiv.net/cart9e9b.html]
[demo.coodiv.net/carta8e3.html]
[demo.coodiv.net/cart6029.html]
[demo.coodiv.net/cartc405.html]
[demo.coodiv.net/cart0f9f.html]
[demo.coodiv.net/cartbd97.html]
[demo.coodiv.net/cart55c8.html]
[demo.coodiv.net/cart62a7.html]
[demo.coodiv.net/cartb40d.html]
[demo.coodiv.net/cart0751.html]
[demo.coodiv.net/cartbe5f.html]
[demo.coodiv.net/carta36e.html]
[demo.coodiv.net/cart62b6.html]
[demo.coodiv.net/cart9ee2.html]
[demo.coodiv.net/cart336d.html]
[demo.coodiv.net/cartc558.html]
[demo.coodiv.net/cart1b9c.html]
[demo.coodiv.net/cartdb67.html]
[demo.coodiv.net/cartf4c3.html]
[demo.coodiv.net/cartddfc.html]
[demo.coodiv.net/cart4dce.html]
[demo.coodiv.net/cart1d51.html]
[demo.coodiv.net/cart91bb.html]
[demo.coodiv.net/cartb030.html]
[demo.coodiv.net/cartadf1.html]
[demo.coodiv.net/cartebc2.html]
[demo.coodiv.net/carte129.html]
[demo.coodiv.net/cartd7f1.html]
[demo.coodiv.net/cart874f.html]
[demo.coodiv.net/cart5f80.html]
[demo.coodiv.net/cart215a.html]
[demo.coodiv.net/cartfc4e.html]
[demo.coodiv.net/cart69aa.html]
[demo.coodiv.net/cartd128.html]
[demo.coodiv.net/cart4a12.html]
[demo.coodiv.net/cart4b92.html]
[demo.coodiv.net/cart37ad.html]
[demo.coodiv.net/cart68c3.html]
[demo.coodiv.net/cartb6f1.html]
[demo.coodiv.net/cart81df.html]
[demo.coodiv.net/cart766f.html]
[demo.coodiv.net/carte998.html]
[demo.coodiv.net/cartf0a4.html]
[demo.coodiv.net/cart1854.html]
[demo.coodiv.net/cartbdf6.html]
[demo.coodiv.net/cartb992.html]
[demo.coodiv.net/cartb2f4.html]
[demo.coodiv.net/cart1b3c.html]
[demo.coodiv.net/cartf41c.html]
[demo.coodiv.net/cart2f86.html]
[demo.coodiv.net/cart2346.html]
[demo.coodiv.net/cart1b1a.html]
[demo.coodiv.net/cart3599.html]
[demo.coodiv.net/cart62fe.html]
[demo.coodiv.net/cartf739.html]
[demo.coodiv.net/cart93cb.html]
[demo.coodiv.net/cart9e80.html]
[demo.coodiv.net/cartbbc5.html]
[demo.coodiv.net/cartdd83.html]
[demo.coodiv.net/cartc511.html]
[demo.coodiv.net/cart53fe.html]
[demo.coodiv.net/cart98d9.php]
